Archive member included to satisfy reference by file (symbol)

C:/Program Files (x86)/Arm GNU Toolchain arm-none-eabi/14.3 rel1/bin/../lib/gcc/arm-none-eabi/14.3.1\libgcc.a(_arm_mulsf3.o)
                              CMakeFiles/Project-core.elf.dir/drivers/system/miniprintf/mini_printf.c.obj (__aeabi_fmul)
C:/Program Files (x86)/Arm GNU Toolchain arm-none-eabi/14.3 rel1/bin/../lib/gcc/arm-none-eabi/14.3.1\libgcc.a(_arm_truncdfsf2.o)
                              CMakeFiles/Project-core.elf.dir/drivers/system/miniprintf/mini_printf.c.obj (__aeabi_d2f)
C:/Program Files (x86)/Arm GNU Toolchain arm-none-eabi/14.3 rel1/bin/../lib/gcc/arm-none-eabi/14.3.1\libgcc.a(_arm_addsubsf3.o)
                              CMakeFiles/Project-core.elf.dir/drivers/system/miniprintf/mini_printf.c.obj (__aeabi_fsub)
C:/Program Files (x86)/Arm GNU Toolchain arm-none-eabi/14.3 rel1/bin/../lib/gcc/arm-none-eabi/14.3.1\libgcc.a(_arm_cmpsf2.o)
                              CMakeFiles/Project-core.elf.dir/drivers/system/miniprintf/mini_printf.c.obj (__aeabi_fcmplt)
C:/Program Files (x86)/Arm GNU Toolchain arm-none-eabi/14.3 rel1/bin/../lib/gcc/arm-none-eabi/14.3.1\libgcc.a(_arm_fixsfsi.o)
                              CMakeFiles/Project-core.elf.dir/drivers/system/miniprintf/mini_printf.c.obj (__aeabi_f2iz)
C:/Program Files (x86)/Arm GNU Toolchain arm-none-eabi/14.3 rel1/bin/../lib/gcc/arm-none-eabi/14.3.1\libgcc.a(_arm_fixunssfsi.o)
                              CMakeFiles/Project-core.elf.dir/drivers/HARDWARE/lcd.c.obj (__aeabi_f2uiz)
C:/Program Files (x86)/Arm GNU Toolchain arm-none-eabi/14.3 rel1/bin/../lib/gcc/arm-none-eabi/14.3.1/../../../../arm-none-eabi/lib\libg.a(libc_a-exit.o)
                              C:/Program Files (x86)/Arm GNU Toolchain arm-none-eabi/14.3 rel1/bin/../lib/gcc/arm-none-eabi/14.3.1/../../../../arm-none-eabi/lib/crt0.o (exit)
C:/Program Files (x86)/Arm GNU Toolchain arm-none-eabi/14.3 rel1/bin/../lib/gcc/arm-none-eabi/14.3.1/../../../../arm-none-eabi/lib\libg.a(libc_a-findfp.o)
                              C:/Program Files (x86)/Arm GNU Toolchain arm-none-eabi/14.3 rel1/bin/../lib/gcc/arm-none-eabi/14.3.1/../../../../arm-none-eabi/lib\libg.a(libc_a-exit.o) (__stdio_exit_handler)
C:/Program Files (x86)/Arm GNU Toolchain arm-none-eabi/14.3 rel1/bin/../lib/gcc/arm-none-eabi/14.3.1/../../../../arm-none-eabi/lib\libg.a(libc_a-fwalk.o)
                              C:/Program Files (x86)/Arm GNU Toolchain arm-none-eabi/14.3 rel1/bin/../lib/gcc/arm-none-eabi/14.3.1/../../../../arm-none-eabi/lib\libg.a(libc_a-findfp.o) (_fwalk_sglue)
C:/Program Files (x86)/Arm GNU Toolchain arm-none-eabi/14.3 rel1/bin/../lib/gcc/arm-none-eabi/14.3.1/../../../../arm-none-eabi/lib\libg.a(libc_a-stdio.o)
                              C:/Program Files (x86)/Arm GNU Toolchain arm-none-eabi/14.3 rel1/bin/../lib/gcc/arm-none-eabi/14.3.1/../../../../arm-none-eabi/lib\libg.a(libc_a-findfp.o) (__sread)
C:/Program Files (x86)/Arm GNU Toolchain arm-none-eabi/14.3 rel1/bin/../lib/gcc/arm-none-eabi/14.3.1/../../../../arm-none-eabi/lib\libg.a(libc_a-memset.o)
                              C:/Program Files (x86)/Arm GNU Toolchain arm-none-eabi/14.3 rel1/bin/../lib/gcc/arm-none-eabi/14.3.1/../../../../arm-none-eabi/lib/crt0.o (memset)
C:/Program Files (x86)/Arm GNU Toolchain arm-none-eabi/14.3 rel1/bin/../lib/gcc/arm-none-eabi/14.3.1/../../../../arm-none-eabi/lib\libg.a(libc_a-closer.o)
                              C:/Program Files (x86)/Arm GNU Toolchain arm-none-eabi/14.3 rel1/bin/../lib/gcc/arm-none-eabi/14.3.1/../../../../arm-none-eabi/lib\libg.a(libc_a-stdio.o) (_close_r)
C:/Program Files (x86)/Arm GNU Toolchain arm-none-eabi/14.3 rel1/bin/../lib/gcc/arm-none-eabi/14.3.1/../../../../arm-none-eabi/lib\libg.a(libc_a-reent.o)
                              C:/Program Files (x86)/Arm GNU Toolchain arm-none-eabi/14.3 rel1/bin/../lib/gcc/arm-none-eabi/14.3.1/../../../../arm-none-eabi/lib\libg.a(libc_a-closer.o) (errno)
C:/Program Files (x86)/Arm GNU Toolchain arm-none-eabi/14.3 rel1/bin/../lib/gcc/arm-none-eabi/14.3.1/../../../../arm-none-eabi/lib\libg.a(libc_a-impure.o)
                              C:/Program Files (x86)/Arm GNU Toolchain arm-none-eabi/14.3 rel1/bin/../lib/gcc/arm-none-eabi/14.3.1/../../../../arm-none-eabi/lib\libg.a(libc_a-reent.o) (_impure_ptr)
C:/Program Files (x86)/Arm GNU Toolchain arm-none-eabi/14.3 rel1/bin/../lib/gcc/arm-none-eabi/14.3.1/../../../../arm-none-eabi/lib\libg.a(libc_a-lseekr.o)
                              C:/Program Files (x86)/Arm GNU Toolchain arm-none-eabi/14.3 rel1/bin/../lib/gcc/arm-none-eabi/14.3.1/../../../../arm-none-eabi/lib\libg.a(libc_a-stdio.o) (_lseek_r)
C:/Program Files (x86)/Arm GNU Toolchain arm-none-eabi/14.3 rel1/bin/../lib/gcc/arm-none-eabi/14.3.1/../../../../arm-none-eabi/lib\libg.a(libc_a-readr.o)
[...]
Memory Configuration

Name             Origin             Length             Attributes
RAM              0x20000000         0x00005000         xrw
FLASH            0x08000000         0x00010000         xr
*default*        0x00000000         0xffffffff

Linker script and memory map

LOAD C:/Program Files (x86)/Arm GNU Toolchain arm-none-eabi/14.3 rel1/bin/../lib/gcc/arm-none-eabi/14.3.1/crti.o
LOAD C:/Program Files (x86)/Arm GNU Toolchain arm-none-eabi/14.3 rel1/bin/../lib/gcc/arm-none-eabi/14.3.1/crtbegin.o
LOAD C:/Program Files (x86)/Arm GNU Toolchain arm-none-eabi/14.3 rel1/bin/../lib/gcc/arm-none-eabi/14.3.1/../../../../arm-none-eabi/lib/crt0.o
LOAD CMakeFiles/Project-core.elf.dir/core/src/main.c.obj
LOAD CMakeFiles/Project-core.elf.dir/core/src/system_stm32f10x.c.obj
LOAD CMakeFiles/Project-core.elf.dir/core/src/stm32f10x_it.c.obj
LOAD CMakeFiles/Project-core.elf.dir/core/startup/startup_stm32f10x_md.s.obj
LOAD CMakeFiles/Project-core.elf.dir/drivers/system/usart/usart.c.obj
LOAD CMakeFiles/Project-core.elf.dir/drivers/system/delay/delay.c.obj
LOAD CMakeFiles/Project-core.elf.dir/drivers/system/sys/sys.c.obj
LOAD CMakeFiles/Project-core.elf.dir/drivers/system/miniprintf/mini_printf.c.obj
LOAD CMakeFiles/Project-core.elf.dir/drivers/HARDWARE/buzzer.c.obj
LOAD CMakeFiles/Project-core.elf.dir/drivers/HARDWARE/lcd.c.obj
LOAD CMakeFiles/Project-core.elf.dir/drivers/HARDWARE/led.c.obj
LOAD CMakeFiles/Project-core.elf.dir/drivers/HARDWARE/ledf.c.obj
LOAD CMakeFiles/Project-core.elf.dir/drivers/HARDWARE/spi_hw.c.obj
LOAD CMakeFiles/Project-core.elf.dir/drivers/STM32F10x_FWLib/src/misc.c.obj
LOAD CMakeFiles/Project-core.elf.dir/drivers/STM32F10x_FWLib/src/stm32f10x_adc.c.obj
LOAD CMakeFiles/Project-core.elf.dir/drivers/STM32F10x_FWLib/src/stm32f10x_bkp.c.obj
LOAD CMakeFiles/Project-core.elf.dir/drivers/STM32F10x_FWLib/src/stm32f10x_can.c.obj
LOAD CMakeFiles/Project-core.elf.dir/drivers/STM32F10x_FWLib/src/stm32f10x_cec.c.obj
LOAD CMakeFiles/Project-core.elf.dir/drivers/STM32F10x_FWLib/src/stm32f10x_crc.c.obj
LOAD CMakeFiles/Project-core.elf.dir/drivers/STM32F10x_FWLib/src/stm32f10x_dac.c.obj
LOAD CMakeFiles/Project-core.elf.dir/drivers/STM32F10x_FWLib/src/stm32f10x_dbgmcu.c.obj
LOAD CMakeFiles/Project-core.elf.dir/drivers/STM32F10x_FWLib/src/stm32f10x_dma.c.obj
LOAD CMakeFiles/Project-core.elf.dir/drivers/STM32F10x_FWLib/src/stm32f10x_exti.c.obj
LOAD CMakeFiles/Project-core.elf.dir/drivers/STM32F10x_FWLib/src/stm32f10x_flash.c.obj
LOAD CMakeFiles/Project-core.elf.dir/drivers/STM32F10x_FWLib/src/stm32f10x_fsmc.c.obj
LOAD CMakeFiles/Project-core.elf.dir/drivers/STM32F10x_FWLib/src/stm32f10x_gpio.c.obj
LOAD CMakeFiles/Project-core.elf.dir/drivers/STM32F10x_FWLib/src/stm32f10x_i2c.c.obj
LOAD CMakeFiles/Project-core.elf.dir/drivers/STM32F10x_FWLib/src/stm32f10x_iwdg.c.obj
LOAD CMakeFiles/Project-core.elf.dir/drivers/STM32F10x_FWLib/src/stm32f10x_pwr.c.obj
LOAD CMakeFiles/Project-core.elf.dir/drivers/STM32F10x_FWLib/src/stm32f10x_rcc.c.obj
LOAD CMakeFiles/Project-core.elf.dir/drivers/STM32F10x_FWLib/src/stm32f10x_rtc.c.obj
LOAD CMakeFiles/Project-core.elf.dir/drivers/STM32F10x_FWLib/src/stm32f10x_sdio.c.obj
LOAD CMakeFiles/Project-core.elf.dir/drivers/STM32F10x_FWLib/src/stm32f10x_spi.c.obj
LOAD CMakeFiles/Project-core.elf.dir/drivers/STM32F10x_FWLib/src/stm32f10x_tim.c.obj
LOAD CMakeFiles/Project-core.elf.dir/drivers/STM32F10x_FWLib/src/stm32f10x_usart.c.obj
LOAD CMakeFiles/Project-core.elf.dir/drivers/STM32F10x_FWLib/src/stm32f10x_wwdg.c.obj
START GROUP
LOAD C:/Program Files (x86)/Arm GNU Toolchain arm-none-eabi/14.3 rel1/bin/../lib/gcc/arm-none-eabi/14.3.1\libgcc.a
LOAD C:/Program Files (x86)/Arm GNU Toolchain arm-none-eabi/14.3 rel1/bin/../lib/gcc/arm-none-eabi/14.3.1/../../../../arm-none-eabi/lib\libg.a
LOAD C:/Program Files (x86)/Arm GNU Toolchain arm-none-eabi/14.3 rel1/bin/../lib/gcc/arm-none-eabi/14.3.1/../../../../arm-none-eabi/lib\libc.a
END GROUP
LOAD C:/Program Files (x86)/Arm GNU Toolchain arm-none-eabi/14.3 rel1/bin/../lib/gcc/arm-none-eabi/14.3.1/crtend.o
LOAD C:/Program Files (x86)/Arm GNU Toolchain arm-none-eabi/14.3 rel1/bin/../lib/gcc/arm-none-eabi/14.3.1/crtn.o
                0x00000200                        _Min_Heap_Size = 0x200
                0x00000400                        _Min_Stack_Size = 0x400
                0x20005000                        _estack = (ORIGIN (RAM) + LENGTH (RAM))

.isr_vector     0x08000000      0x10c
                0x08000000                        . = ALIGN (0x4)
 *(.isr_vector)
 .isr_vector    0x08000000      0x10c CMakeFiles/Project-core.elf.dir/core/startup/startup_stm32f10x_md.s.obj
                0x08000000                g_pfnVectors
                0x0800010c                        . = ALIGN (0x4)

.text           0x0800010c      0xf04
                0x0800010c                        . = ALIGN (0x4)
 *(.text)
 *(.text*)
 .text.deregister_tm_clones
                0x0800010c       0x2c C:/Program Files (x86)/Arm GNU Toolchain arm-none-eabi/14.3 rel1/bin/../lib/gcc/arm-none-eabi/14.3.1/crtbegin.o
 .text.register_tm_clones
                0x08000138       0x38 C:/Program Files (x86)/Arm GNU Toolchain arm-none-eabi/14.3 rel1/bin/../lib/gcc/arm-none-eabi/14.3.1/crtbegin.o
 .text.__do_global_dtors_aux
                0x08000170       0x44 C:/Program Files (x86)/Arm GNU Toolchain arm-none-eabi/14.3 rel1/bin/../lib/gcc/arm-none-eabi/14.3.1/crtbegin.o
 .text.frame_dummy
                0x080001b4       0x34 C:/Program Files (x86)/Arm GNU Toolchain arm-none-eabi/14.3 rel1/bin/../lib/gcc/arm-none-eabi/14.3.1/crtbegin.o
 .text.main     0x080001e8       0xa8 CMakeFiles/Project-core.elf.dir/core/src/main.c.obj
                0x080001e8                main
 .text.SetSysClockTo72
                0x08000290       0xc4 CMakeFiles/Project-core.elf.dir/core/src/system_stm32f10x.c.obj
 .text.SetSysClock
                0x08000354        0x8 CMakeFiles/Project-core.elf.dir/core/src/system_stm32f10x.c.obj
 .text.SystemInit
                0x0800035c       0x50 CMakeFiles/Project-core.elf.dir/core/src/system_stm32f10x.c.obj
                0x0800035c                SystemInit
 .text.NMI_Handler
                0x080003ac        0x2 CMakeFiles/Project-core.elf.dir/core/src/stm32f10x_it.c.obj
                0x080003ac                NMI_Handler
 .text.HardFault_Handler
                0x080003ae        0x2 CMakeFiles/Project-core.elf.dir/core/src/stm32f10x_it.c.obj
                0x080003ae                HardFault_Handler
 .text.MemManage_Handler
                0x080003b0        0x2 CMakeFiles/Project-core.elf.dir/core/src/stm32f10x_it.c.obj
                0x080003b0                MemManage_Handler
 .text.BusFault_Handler
                0x080003b2        0x2 CMakeFiles/Project-core.elf.dir/core/src/stm32f10x_it.c.obj
                0x080003b2                BusFault_Handler
 .text.UsageFault_Handler
                0x080003b4        0x2 CMakeFiles/Project-core.elf.dir/core/src/stm32f10x_it.c.obj
                0x080003b4                UsageFault_Handler
 .text.SVC_Handler
                0x080003b6        0x2 CMakeFiles/Project-core.elf.dir/core/src/stm32f10x_it.c.obj
                0x080003b6                SVC_Handler
 .text.DebugMon_Handler
                0x080003b8        0x2 CMakeFiles/Project-core.elf.dir/core/src/stm32f10x_it.c.obj
                0x080003b8                DebugMon_Handler
 .text.PendSV_Handler
                0x080003ba        0x2 CMakeFiles/Project-core.elf.dir/core/src/stm32f10x_it.c.obj
                0x080003ba                PendSV_Handler
 .text.SysTick_Handler
                0x080003bc       0x10 CMakeFiles/Project-core.elf.dir/core/src/stm32f10x_it.c.obj
                0x080003bc                SysTick_Handler
 .text.Reset_Handler
                0x080003cc       0x44 CMakeFiles/Project-core.elf.dir/core/startup/startup_stm32f10x_md.s.obj
                0x080003cc                Reset_Handler
 .text.Default_Handler
                0x08000410        0x2 CMakeFiles/Project-core.elf.dir/core/startup/startup_stm32f10x_md.s.obj
                0x08000410                EXTI2_IRQHandler
                0x08000410                TIM1_CC_IRQHandler
                0x08000410                PVD_IRQHandler
                0x08000410                EXTI3_IRQHandler
                0x08000410                EXTI0_IRQHandler
                0x08000410                I2C2_EV_IRQHandler
                0x08000410                ADC1_2_IRQHandler
                0x08000410                SPI1_IRQHandler
                0x08000410                TAMPER_IRQHandler
                0x08000410                DMA1_Channel4_IRQHandler
                0x08000410                USART3_IRQHandler
                0x08000410                RTC_IRQHandler
                0x08000410                DMA1_Channel7_IRQHandler
                0x08000410                CAN1_RX1_IRQHandler
                0x08000410                TIM4_IRQHandler
                0x08000410                I2C1_EV_IRQHandler
                0x08000410                DMA1_Channel6_IRQHandler
                0x08000410                TIM3_IRQHandler
                0x08000410                RCC_IRQHandler
                0x08000410                TIM1_TRG_COM_IRQHandler
                0x08000410                DMA1_Channel1_IRQHandler
                0x08000410                Default_Handler
                0x08000410                EXTI15_10_IRQHandler
                0x08000410                EXTI9_5_IRQHandler
                0x08000410                SPI2_IRQHandler
                0x08000410                DMA1_Channel5_IRQHandler
                0x08000410                EXTI4_IRQHandler
                0x08000410                USB_LP_CAN1_RX0_IRQHandler
                0x08000410                USB_HP_CAN1_TX_IRQHandler
                0x08000410                DMA1_Channel3_IRQHandler
                0x08000410                TIM1_UP_IRQHandler
                0x08000410                WWDG_IRQHandler
                0x08000410                TIM2_IRQHandler
                0x08000410                TIM1_BRK_IRQHandler
                0x08000410                EXTI1_IRQHandler
                0x08000410                RTCAlarm_IRQHandler
                0x08000410                USART2_IRQHandler
                0x08000410                I2C2_ER_IRQHandler
                0x08000410                DMA1_Channel2_IRQHandler
                0x08000410                CAN1_SCE_IRQHandler
                0x08000410                FLASH_IRQHandler
                0x08000410                USART1_IRQHandler
                0x08000410                I2C1_ER_IRQHandler
                0x08000410                USBWakeUp_IRQHandler
 *fill*         0x08000412        0x2 
 .text.USART1_Config
                0x08000414       0x80 CMakeFiles/Project-core.elf.dir/drivers/system/usart/usart.c.obj
                0x08000414                USART1_Config
 .text.delay_init
                0x08000494       0x2c CMakeFiles/Project-core.elf.dir/drivers/system/delay/delay.c.obj
                0x08000494                delay_init
 .text.delay_ms
                0x080004c0       0x34 CMakeFiles/Project-core.elf.dir/drivers/system/delay/delay.c.obj
                0x080004c0                delay_ms
 .text.Buzzer_Init
                0x080004f4       0x38 CMakeFiles/Project-core.elf.dir/drivers/HARDWARE/buzzer.c.obj
                0x080004f4                Buzzer_Init
 .text.Buzzer_SetMode
                0x0800052c       0x24 CMakeFiles/Project-core.elf.dir/drivers/HARDWARE/buzzer.c.obj
                0x0800052c                Buzzer_SetMode
 .text.Buzzer_Task
                0x08000550      0x150 CMakeFiles/Project-core.elf.dir/drivers/HARDWARE/buzzer.c.obj
                0x08000550                Buzzer_Task
 .text.LCD_GPIO_Init
                0x080006a0       0x38 CMakeFiles/Project-core.elf.dir/drivers/HARDWARE/lcd.c.obj
                0x080006a0                LCD_GPIO_Init
 .text.LCD_Writ_Bus
                0x080006d8       0x54 CMakeFiles/Project-core.elf.dir/drivers/HARDWARE/lcd.c.obj
                0x080006d8                LCD_Writ_Bus
 .text.LCD_WR_DATA8
                0x0800072c        0x8 CMakeFiles/Project-core.elf.dir/drivers/HARDWARE/lcd.c.obj
                0x0800072c                LCD_WR_DATA8
 .text.LCD_WR_DATA
                0x08000734       0x12 CMakeFiles/Project-core.elf.dir/drivers/HARDWARE/lcd.c.obj
                0x08000734                LCD_WR_DATA
 *fill*         0x08000746        0x2 
 .text.LCD_WR_REG
                0x08000748       0x24 CMakeFiles/Project-core.elf.dir/drivers/HARDWARE/lcd.c.obj
                0x08000748                LCD_WR_REG
 .text.LCD_Address_Set
                0x0800076c       0x36 CMakeFiles/Project-core.elf.dir/drivers/HARDWARE/lcd.c.obj
                0x0800076c                LCD_Address_Set
 *fill*         0x080007a2        0x2 
 .text.LCD_Init
                0x080007a4      0x1fc CMakeFiles/Project-core.elf.dir/drivers/HARDWARE/lcd.c.obj
                0x080007a4                LCD_Init
 .text.LCD_Fill
                0x080009a0       0x3c CMakeFiles/Project-core.elf.dir/drivers/HARDWARE/lcd.c.obj
                0x080009a0                LCD_Fill
 .text.LCD_DrawPoint
                0x080009dc       0x14 CMakeFiles/Project-core.elf.dir/drivers/HARDWARE/lcd.c.obj
                0x080009dc                LCD_DrawPoint
 .text.LCD_ShowChar
                0x080009f0      0x160 CMakeFiles/Project-core.elf.dir/drivers/HARDWARE/lcd.c.obj
                0x080009f0                LCD_ShowChar
 .text.LCD_ShowString
                0x08000b50       0x44 CMakeFiles/Project-core.elf.dir/drivers/HARDWARE/lcd.c.obj
                0x08000b50                LCD_ShowString
 .text.LED_Init
                0x08000b94       0x3c CMakeFiles/Project-core.elf.dir/drivers/HARDWARE/led.c.obj
                0x08000b94                LED_Init
 .text.LED_Toggle
                0x08000bd0       0x24 CMakeFiles/Project-core.elf.dir/drivers/HARDWARE/led.c.obj
                0x08000bd0                LED_Toggle
 .text.SysTick_CLKSourceConfig
                0x08000bf4       0x20 CMakeFiles/Project-core.elf.dir/drivers/STM32F10x_FWLib/src/misc.c.obj
                0x08000bf4                SysTick_CLKSourceConfig
 .text.GPIO_Init
                0x08000c14       0xb0 CMakeFiles/Project-core.elf.dir/drivers/STM32F10x_FWLib/src/stm32f10x_gpio.c.obj
                0x08000c14                GPIO_Init
 .text.GPIO_ReadOutputDataBit
                0x08000cc4        0xe CMakeFiles/Project-core.elf.dir/drivers/STM32F10x_FWLib/src/stm32f10x_gpio.c.obj
                0x08000cc4                GPIO_ReadOutputDataBit
 .text.GPIO_SetBits
                0x08000cd2        0x4 CMakeFiles/Project-core.elf.dir/drivers/STM32F10x_FWLib/src/stm32f10x_gpio.c.obj
                0x08000cd2                GPIO_SetBits
 .text.GPIO_ResetBits
                0x08000cd6        0x4 CMakeFiles/Project-core.elf.dir/drivers/STM32F10x_FWLib/src/stm32f10x_gpio.c.obj
                0x08000cd6                GPIO_ResetBits
 .text.GPIO_WriteBit
                0x08000cda        0xa CMakeFiles/Project-core.elf.dir/drivers/STM32F10x_FWLib/src/stm32f10x_gpio.c.obj
                0x08000cda                GPIO_WriteBit
 .text.RCC_GetClocksFreq
                0x08000ce4       0xb4 CMakeFiles/Project-core.elf.dir/drivers/STM32F10x_FWLib/src/stm32f10x_rcc.c.obj
                0x08000ce4                RCC_GetClocksFreq
 .text.RCC_APB2PeriphClockCmd
                0x08000d98       0x1c CMakeFiles/Project-core.elf.dir/drivers/STM32F10x_FWLib/src/stm32f10x_rcc.c.obj
                0x08000d98                RCC_APB2PeriphClockCmd
 .text.USART_Init
                0x08000db4       0xc4 CMakeFiles/Project-core.elf.dir/drivers/STM32F10x_FWLib/src/stm32f10x_usart.c.obj
                0x08000db4                USART_Init
 .text.USART_Cmd
                0x08000e78       0x1c CMakeFiles/Project-core.elf.dir/drivers/STM32F10x_FWLib/src/stm32f10x_usart.c.obj
                0x08000e78                USART_Cmd
 .text.__retarget_lock_acquire_recursive
                0x08000e94        0x4 C:/Program Files (x86)/Arm GNU Toolchain arm-none-eabi/14.3 rel1/bin/../lib/gcc/arm-none-eabi/14.3.1/../../../../arm-none-eabi/lib\libg.a(libc_a-lock.o)
                0x08000e94                __retarget_lock_acquire_recursive
 .text.__retarget_lock_release_recursive
                0x08000e98        0x4 C:/Program Files (x86)/Arm GNU Toolchain arm-none-eabi/14.3 rel1/bin/../lib/gcc/arm-none-eabi/14.3.1/../../../../arm-none-eabi/lib\libg.a(libc_a-lock.o)
                0x08000e98                __retarget_lock_release_recursive
 .text.startup.register_fini
                0x08000e9c       0x28 C:/Program Files (x86)/Arm GNU Toolchain arm-none-eabi/14.3 rel1/bin/../lib/gcc/arm-none-eabi/14.3.1/../../../../arm-none-eabi/lib\libg.a(libc_a-__call_atexit.o)
 .text.atexit   0x08000ec4       0x20 C:/Program Files (x86)/Arm GNU Toolchain arm-none-eabi/14.3 rel1/bin/../lib/gcc/arm-none-eabi/14.3.1/../../../../arm-none-eabi/lib\libg.a(libc_a-atexit.o)
                0x08000ec4                atexit
 .text.__libc_fini_array
                0x08000ee4       0x44 C:/Program Files (x86)/Arm GNU Toolchain arm-none-eabi/14.3 rel1/bin/../lib/gcc/arm-none-eabi/14.3.1/../../../../arm-none-eabi/lib\libg.a(libc_a-fini.o)
                0x08000ee4                __libc_fini_array
 .text.__register_exitproc
                0x08000f28       0xb8 C:/Program Files (x86)/Arm GNU Toolchain arm-none-eabi/14.3 rel1/bin/../lib/gcc/arm-none-eabi/14.3.1/../../../../arm-none-eabi/lib\libg.a(libc_a-__atexit.o)
                0x08000f28                __register_exitproc
 *(.glue_7)
 .glue_7        0x08000fe0        0x0 linker stubs
 *(.glue_7t)
 .glue_7t       0x08000fe0        0x0 linker stubs
 *(.eh_frame)
 .eh_frame      0x08000fe0        0x0 C:/Program Files (x86)/Arm GNU Toolchain arm-none-eabi/14.3 rel1/bin/../lib/gcc/arm-none-eabi/14.3.1/crtbegin.o
 *(.init)
 .init          0x08000fe0        0xc C:/Program Files (x86)/Arm GNU Toolchain arm-none-eabi/14.3 rel1/bin/../lib/gcc/arm-none-eabi/14.3.1/crti.o
                0x08000fe0                _init
 .init          0x08000fec        0xc C:/Program Files (x86)/Arm GNU Toolchain arm-none-eabi/14.3 rel1/bin/../lib/gcc/arm-none-eabi/14.3.1/crtn.o
 *(.fini)
 .fini          0x08000ff8        0xc C:/Program Files (x86)/Arm GNU Toolchain arm-none-eabi/14.3 rel1/bin/../lib/gcc/arm-none-eabi/14.3.1/crti.o
                0x08000ff8                _fini
 .fini          0x08001004        0xc C:/Program Files (x86)/Arm GNU Toolchain arm-none-eabi/14.3 rel1/bin/../lib/gcc/arm-none-eabi/14.3.1/crtn.o
                0x08001010                        . = ALIGN (0x4)
                0x08001010                        _etext = .

.vfp11_veneer   0x08001010        0x0
 .vfp11_veneer  0x08001010        0x0 linker stubs

.v4_bx          0x08001010        0x0
 .v4_bx         0x08001010        0x0 linker stubs

.iplt           0x08001010        0x0
 .iplt          0x08001010        0x0 C:/Program Files (x86)/Arm GNU Toolchain arm-none-eabi/14.3 rel1/bin/../lib/gcc/arm-none-eabi/14.3.1/crtbegin.o

.rodata         0x08001010     0x3414
                0x08001010                        . = ALIGN (0x4)
 *(.rodata)
 *(.rodata*)
 .rodata.main.str1.4
                0x08001010        0xc CMakeFiles/Project-core.elf.dir/core/src/main.c.obj
 .rodata.ascii_3216
                0x0800101c     0x17c0 CMakeFiles/Project-core.elf.dir/drivers/HARDWARE/lcd.c.obj
                0x0800101c                ascii_3216
 .rodata.ascii_2412
                0x080027dc     0x11d0 CMakeFiles/Project-core.elf.dir/drivers/HARDWARE/lcd.c.obj
                0x080027dc                ascii_2412
 .rodata.ascii_1608
                0x080039ac      0x5f0 CMakeFiles/Project-core.elf.dir/drivers/HARDWARE/lcd.c.obj
                0x080039ac                ascii_1608
 .rodata.ascii_1206
                0x08003f9c      0x474 CMakeFiles/Project-core.elf.dir/drivers/HARDWARE/lcd.c.obj
                0x08003f9c                ascii_1206
 .rodata.ADCPrescTable
                0x08004410        0x4 CMakeFiles/Project-core.elf.dir/drivers/STM32F10x_FWLib/src/stm32f10x_rcc.c.obj
 .rodata.APBAHBPrescTable
                0x08004414       0x10 CMakeFiles/Project-core.elf.dir/drivers/STM32F10x_FWLib/src/stm32f10x_rcc.c.obj
                0x08004424                        . = ALIGN (0x4)

.rel.dyn        0x08004424        0x0
 .rel.iplt      0x08004424        0x0 C:/Program Files (x86)/Arm GNU Toolchain arm-none-eabi/14.3 rel1/bin/../lib/gcc/arm-none-eabi/14.3.1/crtbegin.o

.ARM.extab
 *(.ARM.extab* .gnu.linkonce.armextab.*)

.ARM            0x08004424        0x0
                0x08004424                        __exidx_start = .
 *(.ARM.exidx*)
                0x08004424                        __exidx_end = .

.preinit_array  0x08004424        0x0
                0x08004424                        PROVIDE (__preinit_array_start = .)
 *(.preinit_array*)
                0x08004424                        PROVIDE (__preinit_array_end = .)

.init_array     0x08004424        0x8
                0x08004424                        PROVIDE (__init_array_start = .)
 *(SORT_BY_NAME(.init_array.*))
 .init_array.00000
                0x08004424        0x4 C:/Program Files (x86)/Arm GNU Toolchain arm-none-eabi/14.3 rel1/bin/../lib/gcc/arm-none-eabi/14.3.1/../../../../arm-none-eabi/lib\libg.a(libc_a-__call_atexit.o)
 *(.init_array*)
 .init_array    0x08004428        0x4 C:/Program Files (x86)/Arm GNU Toolchain arm-none-eabi/14.3 rel1/bin/../lib/gcc/arm-none-eabi/14.3.1/crtbegin.o
                0x0800442c                        PROVIDE (__init_array_end = .)

.fini_array     0x0800442c        0x4
                0x0800442c                        PROVIDE (__fini_array_start = .)
 *(SORT_BY_NAME(.fini_array.*))
 *(.fini_array*)
 .fini_array    0x0800442c        0x4 C:/Program Files (x86)/Arm GNU Toolchain arm-none-eabi/14.3 rel1/bin/../lib/gcc/arm-none-eabi/14.3.1/crtbegin.o
                0x08004430                        PROVIDE (__fini_array_end = .)
                0x08004430                        _sidata = LOADADDR (.data)

.data           0x20000000        0x8 load address 0x08004430
                0x20000000                        . = ALIGN (0x4)
                0x20000000                        _sdata = .
 *(.data)
 *(.data*)
 .data.SystemCoreClock
                0x20000000        0x4 CMakeFiles/Project-core.elf.dir/core/src/system_stm32f10x.c.obj
                0x20000000                SystemCoreClock
 .data.__atexit_recursive_mutex
                0x20000004        0x4 C:/Program Files (x86)/Arm GNU Toolchain arm-none-eabi/14.3 rel1/bin/../lib/gcc/arm-none-eabi/14.3.1/../../../../arm-none-eabi/lib\libg.a(libc_a-__call_atexit.o)
                0x20000004                __atexit_recursive_mutex
                0x20000008                        . = ALIGN (0x4)
                0x20000008                        _edata = .

.tm_clone_table
                0x20000008        0x0 load address 0x08004438
 .tm_clone_table
                0x20000008        0x0 C:/Program Files (x86)/Arm GNU Toolchain arm-none-eabi/14.3 rel1/bin/../lib/gcc/arm-none-eabi/14.3.1/crtbegin.o
 .tm_clone_table
                0x20000008        0x0 C:/Program Files (x86)/Arm GNU Toolchain arm-none-eabi/14.3 rel1/bin/../lib/gcc/arm-none-eabi/14.3.1/crtend.o

.igot.plt       0x20000008        0x0 load address 0x08004438
 .igot.plt      0x20000008        0x0 C:/Program Files (x86)/Arm GNU Toolchain arm-none-eabi/14.3 rel1/bin/../lib/gcc/arm-none-eabi/14.3.1/crtbegin.o

.bss            0x20000008      0x1c8 load address 0x08004438
                0x20000008                        . = ALIGN (0x4)
                0x20000008                        _sbss = .
                0x20000008                        __bss_start__ = _sbss
 *(.bss)
 *(.bss*)
 .bss.completed.1
                0x20000008        0x1 C:/Program Files (x86)/Arm GNU Toolchain arm-none-eabi/14.3 rel1/bin/../lib/gcc/arm-none-eabi/14.3.1/crtbegin.o
 *fill*         0x20000009        0x3 
 .bss.object.0  0x2000000c       0x18 C:/Program Files (x86)/Arm GNU Toolchain arm-none-eabi/14.3 rel1/bin/../lib/gcc/arm-none-eabi/14.3.1/crtbegin.o
 .bss.fac_ms    0x20000024        0x2 CMakeFiles/Project-core.elf.dir/drivers/system/delay/delay.c.obj
 .bss.fac_us    0x20000026        0x1 CMakeFiles/Project-core.elf.dir/drivers/system/delay/delay.c.obj
 *fill*         0x20000027        0x1 
 .bss.sys_ms    0x20000028        0x4 CMakeFiles/Project-core.elf.dir/drivers/system/sys/sys.c.obj
                0x20000028                sys_ms
 .bss.toggle.0  0x2000002c        0x1 CMakeFiles/Project-core.elf.dir/drivers/HARDWARE/buzzer.c.obj
 .bss.toggle.1  0x2000002d        0x1 CMakeFiles/Project-core.elf.dir/drivers/HARDWARE/buzzer.c.obj
 .bss.buzzer_step
                0x2000002e        0x1 CMakeFiles/Project-core.elf.dir/drivers/HARDWARE/buzzer.c.obj
 *fill*         0x2000002f        0x1 
 .bss.buzzer_timer
                0x20000030        0x4 CMakeFiles/Project-core.elf.dir/drivers/HARDWARE/buzzer.c.obj
 .bss.buzzer_mode
                0x20000034        0x1 CMakeFiles/Project-core.elf.dir/drivers/HARDWARE/buzzer.c.obj
 *fill*         0x20000035        0x3 
 .bss.__lock___atexit_recursive_mutex
                0x20000038        0x1 C:/Program Files (x86)/Arm GNU Toolchain arm-none-eabi/14.3 rel1/bin/../lib/gcc/arm-none-eabi/14.3.1/../../../../arm-none-eabi/lib\libg.a(libc_a-lock.o)
                0x20000038                __lock___atexit_recursive_mutex
 *fill*         0x20000039        0x3 
 .bss.__atexit  0x2000003c        0x4 C:/Program Files (x86)/Arm GNU Toolchain arm-none-eabi/14.3 rel1/bin/../lib/gcc/arm-none-eabi/14.3.1/../../../../arm-none-eabi/lib\libg.a(libc_a-__call_atexit.o)
                0x2000003c                __atexit
 .bss.__atexit0
                0x20000040      0x190 C:/Program Files (x86)/Arm GNU Toolchain arm-none-eabi/14.3 rel1/bin/../lib/gcc/arm-none-eabi/14.3.1/../../../../arm-none-eabi/lib\libg.a(libc_a-__atexit.o)
                0x20000040                __atexit0
 *(COMMON)
                0x200001d0                        . = ALIGN (0x4)
                0x200001d0                        _ebss = .
                0x200001d0                        __bss_end__ = _ebss

._user_heap_stack
                0x200001d0      0x600 load address 0x08004438
                0x200001d0                        . = ALIGN (0x4)
                [!provide]                        PROVIDE (end = .)
                [!provide]                        PROVIDE (_end = .)
                0x200003d0                        . = (. + _Min_Heap_Size)
 *fill*         0x200001d0      0x200 
                0x200007d0                        . = (. + _Min_Stack_Size)
 *fill*         0x200003d0      0x400 
                0x200007d0                        . = ALIGN (0x4)

/DISCARD/
 libc.a(*)
 libm.a(*)
 libgcc.a(*)

.ARM.attributes
                0x00000000       0x2b
 *(.ARM.attributes)
 .ARM.attributes
                0x00000000       0x1c C:/Program Files (x86)/Arm GNU Toolchain arm-none-eabi/14.3 rel1/bin/../lib/gcc/arm-none-eabi/14.3.1/crti.o
 .ARM.attributes
                0x0000001c       0x2a C:/Program Files (x86)/Arm GNU Toolchain arm-none-eabi/14.3 rel1/bin/../lib/gcc/arm-none-eabi/14.3.1/crtbegin.o
 .ARM.attributes
                0x00000046       0x2d CMakeFiles/Project-core.elf.dir/core/src/main.c.obj
 .ARM.attributes
                0x00000073       0x2d CMakeFiles/Project-core.elf.dir/core/src/system_stm32f10x.c.obj
 .ARM.attributes
                0x000000a0       0x2d CMakeFiles/Project-core.elf.dir/core/src/stm32f10x_it.c.obj
 .ARM.attributes
                0x000000cd       0x21 CMakeFiles/Project-core.elf.dir/core/startup/startup_stm32f10x_md.s.obj
 .ARM.attributes
                0x000000ee       0x2d CMakeFiles/Project-core.elf.dir/drivers/system/usart/usart.c.obj
 .ARM.attributes
                0x0000011b       0x2d CMakeFiles/Project-core.elf.dir/drivers/system/delay/delay.c.obj
 .ARM.attributes
                0x00000148       0x2d CMakeFiles/Project-core.elf.dir/drivers/system/sys/sys.c.obj
 .ARM.attributes
                0x00000175       0x2d CMakeFiles/Project-core.elf.dir/drivers/HARDWARE/buzzer.c.obj
 .ARM.attributes
                0x000001a2       0x2d CMakeFiles/Project-core.elf.dir/drivers/HARDWARE/lcd.c.obj
 .ARM.attributes
                0x000001cf       0x2d CMakeFiles/Project-core.elf.dir/drivers/HARDWARE/led.c.obj
 .ARM.attributes
                0x000001fc       0x2d CMakeFiles/Project-core.elf.dir/drivers/STM32F10x_FWLib/src/misc.c.obj
 .ARM.attributes
                0x00000229       0x2d CMakeFiles/Project-core.elf.dir/drivers/STM32F10x_FWLib/src/stm32f10x_gpio.c.obj
 .ARM.attributes
                0x00000256       0x2d CMakeFiles/Project-core.elf.dir/drivers/STM32F10x_FWLib/src/stm32f10x_rcc.c.obj
 .ARM.attributes
                0x00000283       0x2d CMakeFiles/Project-core.elf.dir/drivers/STM32F10x_FWLib/src/stm32f10x_usart.c.obj
 .ARM.attributes
                0x000002b0       0x2a C:/Program Files (x86)/Arm GNU Toolchain arm-none-eabi/14.3 rel1/bin/../lib/gcc/arm-none-eabi/14.3.1/../../../../arm-none-eabi/lib\libg.a(libc_a-lock.o)
 .ARM.attributes
                0x000002da       0x2a C:/Program Files (x86)/Arm GNU Toolchain arm-none-eabi/14.3 rel1/bin/../lib/gcc/arm-none-eabi/14.3.1/../../../../arm-none-eabi/lib\libg.a(libc_a-__call_atexit.o)
 .ARM.attributes
                0x00000304       0x2a C:/Program Files (x86)/Arm GNU Toolchain arm-none-eabi/14.3 rel1/bin/../lib/gcc/arm-none-eabi/14.3.1/../../../../arm-none-eabi/lib\libg.a(libc_a-atexit.o)
 .ARM.attributes
                0x0000032e       0x2a C:/Program Files (x86)/Arm GNU Toolchain arm-none-eabi/14.3 rel1/bin/../lib/gcc/arm-none-eabi/14.3.1/../../../../arm-none-eabi/lib\libg.a(libc_a-fini.o)
 .ARM.attributes
                0x00000358       0x2a C:/Program Files (x86)/Arm GNU Toolchain arm-none-eabi/14.3 rel1/bin/../lib/gcc/arm-none-eabi/14.3.1/../../../../arm-none-eabi/lib\libg.a(libc_a-__atexit.o)
 .ARM.attributes
                0x00000382       0x2a C:/Program Files (x86)/Arm GNU Toolchain arm-none-eabi/14.3 rel1/bin/../lib/gcc/arm-none-eabi/14.3.1/crtend.o
 .ARM.attributes
                0x000003ac       0x1c C:/Program Files (x86)/Arm GNU Toolchain arm-none-eabi/14.3 rel1/bin/../lib/gcc/arm-none-eabi/14.3.1/crtn.o
OUTPUT(Project-core.elf elf32-littlearm)
LOAD linker stubs
LOAD C:/Program Files (x86)/Arm GNU Toolchain arm-none-eabi/14.3 rel1/bin/../lib/gcc/arm-none-eabi/14.3.1/../../../../arm-none-eabi/lib\libc.a
LOAD C:/Program Files (x86)/Arm GNU Toolchain arm-none-eabi/14.3 rel1/bin/../lib/gcc/arm-none-eabi/14.3.1/../../../../arm-none-eabi/lib\libm.a
LOAD C:/Program Files (x86)/Arm GNU Toolchain arm-none-eabi/14.3 rel1/bin/../lib/gcc/arm-none-eabi/14.3.1\libgcc.a

.debug_info     0x00000000     0x69e6
 .debug_info    0x00000000      0x7c1 CMakeFiles/Project-core.elf.dir/core/src/main.c.obj
 .debug_info    0x000007c1      0x439 CMakeFiles/Project-core.elf.dir/core/src/system_stm32f10x.c.obj
 .debug_info    0x00000bfa      0x126 CMakeFiles/Project-core.elf.dir/core/src/stm32f10x_it.c.obj
 .debug_info    0x00000d20       0x30 CMakeFiles/Project-core.elf.dir/core/startup/startup_stm32f10x_md.s.obj
 .debug_info    0x00000d50      0xb7a CMakeFiles/Project-core.elf.dir/drivers/system/usart/usart.c.obj
 .debug_info    0x000018ca      0x207 CMakeFiles/Project-core.elf.dir/drivers/system/delay/delay.c.obj
 .debug_info    0x00001ad1       0xf9 CMakeFiles/Project-core.elf.dir/drivers/system/sys/sys.c.obj
 .debug_info    0x00001bca      0x4ee CMakeFiles/Project-core.elf.dir/drivers/HARDWARE/buzzer.c.obj
 .debug_info    0x000020b8     0x231e CMakeFiles/Project-core.elf.dir/drivers/HARDWARE/lcd.c.obj
 .debug_info    0x000043d6      0x420 CMakeFiles/Project-core.elf.dir/drivers/HARDWARE/led.c.obj
 .debug_info    0x000047f6      0x4f4 CMakeFiles/Project-core.elf.dir/drivers/STM32F10x_FWLib/src/misc.c.obj
 .debug_info    0x00004cea      0x8be CMakeFiles/Project-core.elf.dir/drivers/STM32F10x_FWLib/src/stm32f10x_gpio.c.obj
 .debug_info    0x000055a8      0x8bc CMakeFiles/Project-core.elf.dir/drivers/STM32F10x_FWLib/src/stm32f10x_rcc.c.obj
 .debug_info    0x00005e64      0xb82 CMakeFiles/Project-core.elf.dir/drivers/STM32F10x_FWLib/src/stm32f10x_usart.c.obj

.debug_abbrev   0x00000000     0x176e
 .debug_abbrev  0x00000000      0x284 CMakeFiles/Project-core.elf.dir/core/src/main.c.obj
 .debug_abbrev  0x00000284      0x1c7 CMakeFiles/Project-core.elf.dir/core/src/system_stm32f10x.c.obj
 .debug_abbrev  0x0000044b       0x6e CMakeFiles/Project-core.elf.dir/core/src/stm32f10x_it.c.obj
 .debug_abbrev  0x000004b9       0x24 CMakeFiles/Project-core.elf.dir/core/startup/startup_stm32f10x_md.s.obj
 .debug_abbrev  0x000004dd      0x25c CMakeFiles/Project-core.elf.dir/drivers/system/usart/usart.c.obj
 .debug_abbrev  0x00000739      0x150 CMakeFiles/Project-core.elf.dir/drivers/system/delay/delay.c.obj
 .debug_abbrev  0x00000889       0xa9 CMakeFiles/Project-core.elf.dir/drivers/system/sys/sys.c.obj
 .debug_abbrev  0x00000932      0x1af CMakeFiles/Project-core.elf.dir/drivers/HARDWARE/buzzer.c.obj
 .debug_abbrev  0x00000ae1      0x2db CMakeFiles/Project-core.elf.dir/drivers/HARDWARE/lcd.c.obj
 .debug_abbrev  0x00000dbc      0x1a8 CMakeFiles/Project-core.elf.dir/drivers/HARDWARE/led.c.obj
 .debug_abbrev  0x00000f64      0x1a4 CMakeFiles/Project-core.elf.dir/drivers/STM32F10x_FWLib/src/misc.c.obj
 .debug_abbrev  0x00001108      0x250 CMakeFiles/Project-core.elf.dir/drivers/STM32F10x_FWLib/src/stm32f10x_gpio.c.obj
 .debug_abbrev  0x00001358      0x20d CMakeFiles/Project-core.elf.dir/drivers/STM32F10x_FWLib/src/stm32f10x_rcc.c.obj
 .debug_abbrev  0x00001565      0x209 CMakeFiles/Project-core.elf.dir/drivers/STM32F10x_FWLib/src/stm32f10x_usart.c.obj

.debug_loclists
                0x00000000     0x238c
 .debug_loclists
                0x00000000       0x52 CMakeFiles/Project-core.elf.dir/core/src/main.c.obj
 .debug_loclists
                0x00000052       0xb7 CMakeFiles/Project-core.elf.dir/core/src/system_stm32f10x.c.obj
 .debug_loclists
                0x00000109       0x44 CMakeFiles/Project-core.elf.dir/drivers/system/usart/usart.c.obj
 .debug_loclists
                0x0000014d       0x80 CMakeFiles/Project-core.elf.dir/drivers/system/delay/delay.c.obj
 .debug_loclists
                0x000001cd       0x9b CMakeFiles/Project-core.elf.dir/drivers/HARDWARE/buzzer.c.obj
 .debug_loclists
                0x00000268     0x11c1 CMakeFiles/Project-core.elf.dir/drivers/HARDWARE/lcd.c.obj
 .debug_loclists
                0x00001429      0x123 CMakeFiles/Project-core.elf.dir/drivers/STM32F10x_FWLib/src/misc.c.obj
 .debug_loclists
                0x0000154c      0x4d7 CMakeFiles/Project-core.elf.dir/drivers/STM32F10x_FWLib/src/stm32f10x_gpio.c.obj
 .debug_loclists
                0x00001a23      0x33c CMakeFiles/Project-core.elf.dir/drivers/STM32F10x_FWLib/src/stm32f10x_rcc.c.obj
 .debug_loclists
                0x00001d5f      0x62d CMakeFiles/Project-core.elf.dir/drivers/STM32F10x_FWLib/src/stm32f10x_usart.c.obj

.debug_aranges  0x00000000      0x5b0
 .debug_aranges
                0x00000000       0x20 CMakeFiles/Project-core.elf.dir/core/src/main.c.obj
 .debug_aranges
                0x00000020       0x38 CMakeFiles/Project-core.elf.dir/core/src/system_stm32f10x.c.obj
 .debug_aranges
                0x00000058       0x60 CMakeFiles/Project-core.elf.dir/core/src/stm32f10x_it.c.obj
 .debug_aranges
                0x000000b8       0x28 CMakeFiles/Project-core.elf.dir/core/startup/startup_stm32f10x_md.s.obj
 .debug_aranges
                0x000000e0       0x28 CMakeFiles/Project-core.elf.dir/drivers/system/usart/usart.c.obj
 .debug_aranges
                0x00000108       0x30 CMakeFiles/Project-core.elf.dir/drivers/system/delay/delay.c.obj
 .debug_aranges
                0x00000138       0x38 CMakeFiles/Project-core.elf.dir/drivers/system/sys/sys.c.obj
 .debug_aranges
                0x00000170       0x30 CMakeFiles/Project-core.elf.dir/drivers/HARDWARE/buzzer.c.obj
 .debug_aranges
                0x000001a0       0xd0 CMakeFiles/Project-core.elf.dir/drivers/HARDWARE/lcd.c.obj
 .debug_aranges
                0x00000270       0x40 CMakeFiles/Project-core.elf.dir/drivers/HARDWARE/led.c.obj
 .debug_aranges
                0x000002b0       0x40 CMakeFiles/Project-core.elf.dir/drivers/STM32F10x_FWLib/src/misc.c.obj
 .debug_aranges
                0x000002f0       0xa8 CMakeFiles/Project-core.elf.dir/drivers/STM32F10x_FWLib/src/stm32f10x_gpio.c.obj
 .debug_aranges
                0x00000398      0x118 CMakeFiles/Project-core.elf.dir/drivers/STM32F10x_FWLib/src/stm32f10x_rcc.c.obj
 .debug_aranges
                0x000004b0      0x100 CMakeFiles/Project-core.elf.dir/drivers/STM32F10x_FWLib/src/stm32f10x_usart.c.obj

.debug_rnglists
                0x00000000      0x41f
 .debug_rnglists
                0x00000000       0x14 CMakeFiles/Project-core.elf.dir/core/src/main.c.obj
 .debug_rnglists
                0x00000014       0x27 CMakeFiles/Project-core.elf.dir/core/src/system_stm32f10x.c.obj
 .debug_rnglists
                0x0000003b       0x43 CMakeFiles/Project-core.elf.dir/core/src/stm32f10x_it.c.obj
 .debug_rnglists
                0x0000007e       0x19 CMakeFiles/Project-core.elf.dir/core/startup/startup_stm32f10x_md.s.obj
 .debug_rnglists
                0x00000097       0x1a CMakeFiles/Project-core.elf.dir/drivers/system/usart/usart.c.obj
 .debug_rnglists
                0x000000b1       0x1f CMakeFiles/Project-core.elf.dir/drivers/system/delay/delay.c.obj
 .debug_rnglists
                0x000000d0       0x25 CMakeFiles/Project-core.elf.dir/drivers/system/sys/sys.c.obj
 .debug_rnglists
                0x000000f5       0x2c CMakeFiles/Project-core.elf.dir/drivers/HARDWARE/buzzer.c.obj
 .debug_rnglists
                0x00000121       0xa2 CMakeFiles/Project-core.elf.dir/drivers/HARDWARE/lcd.c.obj
 .debug_rnglists
                0x000001c3       0x2b CMakeFiles/Project-core.elf.dir/drivers/HARDWARE/led.c.obj
 .debug_rnglists
                0x000001ee       0x2b CMakeFiles/Project-core.elf.dir/drivers/STM32F10x_FWLib/src/misc.c.obj
 .debug_rnglists
                0x00000219       0x7b CMakeFiles/Project-core.elf.dir/drivers/STM32F10x_FWLib/src/stm32f10x_gpio.c.obj
 .debug_rnglists
                0x00000294       0xce CMakeFiles/Project-core.elf.dir/drivers/STM32F10x_FWLib/src/stm32f10x_rcc.c.obj
 .debug_rnglists
                0x00000362       0xbd CMakeFiles/Project-core.elf.dir/drivers/STM32F10x_FWLib/src/stm32f10x_usart.c.obj

.debug_line     0x00000000     0x431c
 .debug_line    0x00000000      0x32d CMakeFiles/Project-core.elf.dir/core/src/main.c.obj
 .debug_line    0x0000032d      0x434 CMakeFiles/Project-core.elf.dir/core/src/system_stm32f10x.c.obj
 .debug_line    0x00000761      0x22e CMakeFiles/Project-core.elf.dir/core/src/stm32f10x_it.c.obj
 .debug_line    0x0000098f       0x75 CMakeFiles/Project-core.elf.dir/core/startup/startup_stm32f10x_md.s.obj
 .debug_line    0x00000a04      0x386 CMakeFiles/Project-core.elf.dir/drivers/system/usart/usart.c.obj
 .debug_line    0x00000d8a      0x2bc CMakeFiles/Project-core.elf.dir/drivers/system/delay/delay.c.obj
 .debug_line    0x00001046      0x195 CMakeFiles/Project-core.elf.dir/drivers/system/sys/sys.c.obj
 .debug_line    0x000011db      0x3d0 CMakeFiles/Project-core.elf.dir/drivers/HARDWARE/buzzer.c.obj
 .debug_line    0x000015ab      0xe7c CMakeFiles/Project-core.elf.dir/drivers/HARDWARE/lcd.c.obj
 .debug_line    0x00002427      0x2a1 CMakeFiles/Project-core.elf.dir/drivers/HARDWARE/led.c.obj
 .debug_line    0x000026c8      0x328 CMakeFiles/Project-core.elf.dir/drivers/STM32F10x_FWLib/src/misc.c.obj
 .debug_line    0x000029f0      0x6fa CMakeFiles/Project-core.elf.dir/drivers/STM32F10x_FWLib/src/stm32f10x_gpio.c.obj
 .debug_line    0x000030ea      0x8e3 CMakeFiles/Project-core.elf.dir/drivers/STM32F10x_FWLib/src/stm32f10x_rcc.c.obj
 .debug_line    0x000039cd      0x94f CMakeFiles/Project-core.elf.dir/drivers/STM32F10x_FWLib/src/stm32f10x_usart.c.obj

.debug_str      0x00000000     0x1d25
 .debug_str     0x00000000     0x1d25 CMakeFiles/Project-core.elf.dir/core/src/main.c.obj
                                0x6b1 (size before relaxing)
 .debug_str     0x00001d25      0x309 CMakeFiles/Project-core.elf.dir/core/src/system_stm32f10x.c.obj
 .debug_str     0x00001d25      0x234 CMakeFiles/Project-core.elf.dir/core/src/stm32f10x_it.c.obj
 .debug_str     0x00001d25       0x7e CMakeFiles/Project-core.elf.dir/core/startup/startup_stm32f10x_md.s.obj
 .debug_str     0x00001d25      0x76f CMakeFiles/Project-core.elf.dir/drivers/system/usart/usart.c.obj
 .debug_str     0x00001d25      0x234 CMakeFiles/Project-core.elf.dir/drivers/system/delay/delay.c.obj
 .debug_str     0x00001d25      0x1d3 CMakeFiles/Project-core.elf.dir/drivers/system/sys/sys.c.obj
 .debug_str     0x00001d25      0x416 CMakeFiles/Project-core.elf.dir/drivers/HARDWARE/buzzer.c.obj
 .debug_str     0x00001d25      0x5f5 CMakeFiles/Project-core.elf.dir/drivers/HARDWARE/lcd.c.obj
 .debug_str     0x00001d25      0x3c7 CMakeFiles/Project-core.elf.dir/drivers/HARDWARE/led.c.obj
 .debug_str     0x00001d25      0x3f4 CMakeFiles/Project-core.elf.dir/drivers/STM32F10x_FWLib/src/misc.c.obj
 .debug_str     0x00001d25      0x56c CMakeFiles/Project-core.elf.dir/drivers/STM32F10x_FWLib/src/stm32f10x_gpio.c.obj
 .debug_str     0x00001d25      0x656 CMakeFiles/Project-core.elf.dir/drivers/STM32F10x_FWLib/src/stm32f10x_rcc.c.obj
 .debug_str     0x00001d25      0x70c CMakeFiles/Project-core.elf.dir/drivers/STM32F10x_FWLib/src/stm32f10x_usart.c.obj

.comment        0x00000000       0x46
 .comment       0x00000000       0x46 CMakeFiles/Project-core.elf.dir/core/src/main.c.obj
                                 0x47 (size before relaxing)
 .comment       0x00000046       0x47 CMakeFiles/Project-core.elf.dir/core/src/system_stm32f10x.c.obj
 .comment       0x00000046       0x47 CMakeFiles/Project-core.elf.dir/core/src/stm32f10x_it.c.obj
 .comment       0x00000046       0x47 CMakeFiles/Project-core.elf.dir/drivers/system/usart/usart.c.obj
 .comment       0x00000046       0x47 CMakeFiles/Project-core.elf.dir/drivers/system/delay/delay.c.obj
 .comment       0x00000046       0x47 CMakeFiles/Project-core.elf.dir/drivers/system/sys/sys.c.obj
 .comment       0x00000046       0x47 CMakeFiles/Project-core.elf.dir/drivers/HARDWARE/buzzer.c.obj
 .comment       0x00000046       0x47 CMakeFiles/Project-core.elf.dir/drivers/HARDWARE/lcd.c.obj
 .comment       0x00000046       0x47 CMakeFiles/Project-core.elf.dir/drivers/HARDWARE/led.c.obj
 .comment       0x00000046       0x47 CMakeFiles/Project-core.elf.dir/drivers/STM32F10x_FWLib/src/misc.c.obj
 .comment       0x00000046       0x47 CMakeFiles/Project-core.elf.dir/drivers/STM32F10x_FWLib/src/stm32f10x_gpio.c.obj
 .comment       0x00000046       0x47 CMakeFiles/Project-core.elf.dir/drivers/STM32F10x_FWLib/src/stm32f10x_rcc.c.obj
 .comment       0x00000046       0x47 CMakeFiles/Project-core.elf.dir/drivers/STM32F10x_FWLib/src/stm32f10x_usart.c.obj

.debug_frame    0x00000000      0xdf4
 .debug_frame   0x00000000       0x2c CMakeFiles/Project-core.elf.dir/core/src/main.c.obj
 .debug_frame   0x0000002c       0x6c CMakeFiles/Project-core.elf.dir/core/src/system_stm32f10x.c.obj
 .debug_frame   0x00000098       0xa0 CMakeFiles/Project-core.elf.dir/core/src/stm32f10x_it.c.obj
 .debug_frame   0x00000138       0x48 CMakeFiles/Project-core.elf.dir/drivers/system/usart/usart.c.obj
 .debug_frame   0x00000180       0x48 CMakeFiles/Project-core.elf.dir/drivers/system/delay/delay.c.obj
 .debug_frame   0x000001c8       0x50 CMakeFiles/Project-core.elf.dir/drivers/system/sys/sys.c.obj
 .debug_frame   0x00000218       0x58 CMakeFiles/Project-core.elf.dir/drivers/HARDWARE/buzzer.c.obj
 .debug_frame   0x00000270      0x34c CMakeFiles/Project-core.elf.dir/drivers/HARDWARE/lcd.c.obj
 .debug_frame   0x000005bc       0x90 CMakeFiles/Project-core.elf.dir/drivers/HARDWARE/led.c.obj
 .debug_frame   0x0000064c       0x60 CMakeFiles/Project-core.elf.dir/drivers/STM32F10x_FWLib/src/misc.c.obj
 .debug_frame   0x000006ac      0x168 CMakeFiles/Project-core.elf.dir/drivers/STM32F10x_FWLib/src/stm32f10x_gpio.c.obj
 .debug_frame   0x00000814      0x228 CMakeFiles/Project-core.elf.dir/drivers/STM32F10x_FWLib/src/stm32f10x_rcc.c.obj
 .debug_frame   0x00000a3c      0x204 CMakeFiles/Project-core.elf.dir/drivers/STM32F10x_FWLib/src/stm32f10x_usart.c.obj
 .debug_frame   0x00000c40       0xb0 C:/Program Files (x86)/Arm GNU Toolchain arm-none-eabi/14.3 rel1/bin/../lib/gcc/arm-none-eabi/14.3.1/../../../../arm-none-eabi/lib\libg.a(libc_a-lock.o)
 .debug_frame   0x00000cf0       0x68 C:/Program Files (x86)/Arm GNU Toolchain arm-none-eabi/14.3 rel1/bin/../lib/gcc/arm-none-eabi/14.3.1/../../../../arm-none-eabi/lib\libg.a(libc_a-__call_atexit.o)
 .debug_frame   0x00000d58       0x2c C:/Program Files (x86)/Arm GNU Toolchain arm-none-eabi/14.3 rel1/bin/../lib/gcc/arm-none-eabi/14.3.1/../../../../arm-none-eabi/lib\libg.a(libc_a-atexit.o)
 .debug_frame   0x00000d84       0x34 C:/Program Files (x86)/Arm GNU Toolchain arm-none-eabi/14.3 rel1/bin/../lib/gcc/arm-none-eabi/14.3.1/../../../../arm-none-eabi/lib\libg.a(libc_a-fini.o)
 .debug_frame   0x00000db8       0x3c C:/Program Files (x86)/Arm GNU Toolchain arm-none-eabi/14.3 rel1/bin/../lib/gcc/arm-none-eabi/14.3.1/../../../../arm-none-eabi/lib\libg.a(libc_a-__atexit.o)

.debug_line_str
                0x00000000       0x62
 .debug_line_str
                0x00000000       0x62 CMakeFiles/Project-core.elf.dir/core/startup/startup_stm32f10x_md.s.obj
