Archive member included to satisfy reference by file (symbol)

C:/Program Files (x86)/Arm GNU Toolchain arm-none-eabi/14.3 rel1/bin/../lib/gcc/arm-none-eabi/14.3.1/../../../../arm-none-eabi/lib\libg.a(libc_a-exit.o)
                              C:/Program Files (x86)/Arm GNU Toolchain arm-none-eabi/14.3 rel1/bin/../lib/gcc/arm-none-eabi/14.3.1/../../../../arm-none-eabi/lib/crt0.o (exit)
C:/Program Files (x86)/Arm GNU Toolchain arm-none-eabi/14.3 rel1/bin/../lib/gcc/arm-none-eabi/14.3.1/../../../../arm-none-eabi/lib\libg.a(libc_a-findfp.o)
                              C:/Program Files (x86)/Arm GNU Toolchain arm-none-eabi/14.3 rel1/bin/../lib/gcc/arm-none-eabi/14.3.1/../../../../arm-none-eabi/lib\libg.a(libc_a-exit.o) (__stdio_exit_handler)
C:/Program Files (x86)/Arm GNU Toolchain arm-none-eabi/14.3 rel1/bin/../lib/gcc/arm-none-eabi/14.3.1/../../../../arm-none-eabi/lib\libg.a(libc_a-fwalk.o)
                              C:/Program Files (x86)/Arm GNU Toolchain arm-none-eabi/14.3 rel1/bin/../lib/gcc/arm-none-eabi/14.3.1/../../../../arm-none-eabi/lib\libg.a(libc_a-findfp.o) (_fwalk_sglue)
C:/Program Files (x86)/Arm GNU Toolchain arm-none-eabi/14.3 rel1/bin/../lib/gcc/arm-none-eabi/14.3.1/../../../../arm-none-eabi/lib\libg.a(libc_a-stdio.o)
                              C:/Program Files (x86)/Arm GNU Toolchain arm-none-eabi/14.3 rel1/bin/../lib/gcc/arm-none-eabi/14.3.1/../../../../arm-none-eabi/lib\libg.a(libc_a-findfp.o) (__sread)
C:/Program Files (x86)/Arm GNU Toolchain arm-none-eabi/14.3 rel1/bin/../lib/gcc/arm-none-eabi/14.3.1/../../../../arm-none-eabi/lib\libg.a(libc_a-memset.o)
                              C:/Program Files (x86)/Arm GNU Toolchain arm-none-eabi/14.3 rel1/bin/../lib/gcc/arm-none-eabi/14.3.1/../../../../arm-none-eabi/lib/crt0.o (memset)
C:/Program Files (x86)/Arm GNU Toolchain arm-none-eabi/14.3 rel1/bin/../lib/gcc/arm-none-eabi/14.3.1/../../../../arm-none-eabi/lib\libg.a(libc_a-closer.o)
                              C:/Program Files (x86)/Arm GNU Toolchain arm-none-eabi/14.3 rel1/bin/../lib/gcc/arm-none-eabi/14.3.1/../../../../arm-none-eabi/lib\libg.a(libc_a-stdio.o) (_close_r)
C:/Program Files (x86)/Arm GNU Toolchain arm-none-eabi/14.3 rel1/bin/../lib/gcc/arm-none-eabi/14.3.1/../../../../arm-none-eabi/lib\libg.a(libc_a-reent.o)
                              C:/Program Files (x86)/Arm GNU Toolchain arm-none-eabi/14.3 rel1/bin/../lib/gcc/arm-none-eabi/14.3.1/../../../../arm-none-eabi/lib\libg.a(libc_a-closer.o) (errno)
C:/Program Files (x86)/Arm GNU Toolchain arm-none-eabi/14.3 rel1/bin/../lib/gcc/arm-none-eabi/14.3.1/../../../../arm-none-eabi/lib\libg.a(libc_a-impure.o)
                              C:/Program Files (x86)/Arm GNU Toolchain arm-none-eabi/14.3 rel1/bin/../lib/gcc/arm-none-eabi/14.3.1/../../../../arm-none-eabi/lib\libg.a(libc_a-reent.o) (_impure_ptr)
C:/Program Files (x86)/Arm GNU Toolchain arm-none-eabi/14.3 rel1/bin/../lib/gcc/arm-none-eabi/14.3.1/../../../../arm-none-eabi/lib\libg.a(libc_a-lseekr.o)
                              C:/Program Files (x86)/Arm GNU Toolchain arm-none-eabi/14.3 rel1/bin/../lib/gcc/arm-none-eabi/14.3.1/../../../../arm-none-eabi/lib\libg.a(libc_a-stdio.o) (_lseek_r)
C:/Program Files (x86)/Arm GNU Toolchain arm-none-eabi/14.3 rel1/bin/../lib/gcc/arm-none-eabi/14.3.1/../../../../arm-none-eabi/lib\libg.a(libc_a-readr.o)
                              C:/Program Files (x86)/Arm GNU Toolchain arm-none-eabi/14.3 rel1/bin/../lib/gcc/arm-none-eabi/14.3.1/../../../../arm-none-eabi/lib\libg.a(libc_a-stdio.o) (_read_r)
C:/Program Files (x86)/Arm GNU Toolchain arm-none-eabi/14.3 rel1/bin/../lib/gcc/arm-none-eabi/14.3.1/../../../../arm-none-eabi/lib\libg.a(libc_a-writer.o)
                              C:/Program Files (x86)/Arm GNU Toolchain arm-none-eabi/14.3 rel1/bin/../lib/gcc/arm-none-eabi/14.3.1/../../../../arm-none-eabi/lib\libg.a(libc_a-stdio.o) (_write_r)
C:/Program Files (x86)/Arm GNU Toolchain arm-none-eabi/14.3 rel1/bin/../lib/gcc/arm-none-eabi/14.3.1/../../../../arm-none-eabi/lib\libg.a(libc_a-init.o)
                              C:/Program Files (x86)/Arm GNU Toolchain arm-none-eabi/14.3 rel1/bin/../lib/gcc/arm-none-eabi/14.3.1/../../../../arm-none-eabi/lib/crt0.o (__libc_init_array)
C:/Program Files (x86)/Arm GNU Toolchain arm-none-eabi/14.3 rel1/bin/../lib/gcc/arm-none-eabi/14.3.1/../../../../arm-none-eabi/lib\libg.a(libc_a-lock.o)
                              C:/Program Files (x86)/Arm GNU Toolchain arm-none-eabi/14.3 rel1/bin/../lib/gcc/arm-none-eabi/14.3.1/../../../../arm-none-eabi/lib\libg.a(libc_a-findfp.o) (__retarget_lock_init_recursive)
C:/Program Files (x86)/Arm GNU Toolchain arm-none-eabi/14.3 rel1/bin/../lib/gcc/arm-none-eabi/14.3.1/../../../../arm-none-eabi/lib\libg.a(libc_a-__call_atexit.o)
                              C:/Program Files (x86)/Arm GNU Toolchain arm-none-eabi/14.3 rel1/bin/../lib/gcc/arm-none-eabi/14.3.1/../../../../arm-none-eabi/lib\libg.a(libc_a-exit.o) (__call_exitprocs)
[...]
Memory Configuration

Name             Origin             Length             Attributes
RAM              0x20000000         0x00005000         xrw
FLASH            0x08000000         0x00010000         xr
*default*        0x00000000         0xffffffff

Linker script and memory map

LOAD C:/Program Files (x86)/Arm GNU Toolchain arm-none-eabi/14.3 rel1/bin/../lib/gcc/arm-none-eabi/14.3.1/crti.o
LOAD C:/Program Files (x86)/Arm GNU Toolchain arm-none-eabi/14.3 rel1/bin/../lib/gcc/arm-none-eabi/14.3.1/crtbegin.o
LOAD C:/Program Files (x86)/Arm GNU Toolchain arm-none-eabi/14.3 rel1/bin/../lib/gcc/arm-none-eabi/14.3.1/../../../../arm-none-eabi/lib/crt0.o
LOAD CMakeFiles/Project-core.elf.dir/core/src/main.c.obj
LOAD CMakeFiles/Project-core.elf.dir/core/src/system_stm32f10x.c.obj
LOAD CMakeFiles/Project-core.elf.dir/core/src/stm32f10x_it.c.obj
LOAD CMakeFiles/Project-core.elf.dir/core/startup/startup_stm32f10x_md.s.obj
LOAD CMakeFiles/Project-core.elf.dir/drivers/system/usart/usart.c.obj
LOAD CMakeFiles/Project-core.elf.dir/drivers/system/delay/delay.c.obj
LOAD CMakeFiles/Project-core.elf.dir/drivers/system/sys/sys.c.obj
LOAD CMakeFiles/Project-core.elf.dir/drivers/HARDWARE/lcd.c.obj
LOAD CMakeFiles/Project-core.elf.dir/drivers/HARDWARE/led.c.obj
LOAD CMakeFiles/Project-core.elf.dir/drivers/HARDWARE/spi_hw.c.obj
LOAD CMakeFiles/Project-core.elf.dir/drivers/STM32F10x_FWLib/src/misc.c.obj
LOAD CMakeFiles/Project-core.elf.dir/drivers/STM32F10x_FWLib/src/stm32f10x_adc.c.obj
LOAD CMakeFiles/Project-core.elf.dir/drivers/STM32F10x_FWLib/src/stm32f10x_bkp.c.obj
LOAD CMakeFiles/Project-core.elf.dir/drivers/STM32F10x_FWLib/src/stm32f10x_can.c.obj
LOAD CMakeFiles/Project-core.elf.dir/drivers/STM32F10x_FWLib/src/stm32f10x_cec.c.obj
LOAD CMakeFiles/Project-core.elf.dir/drivers/STM32F10x_FWLib/src/stm32f10x_crc.c.obj
LOAD CMakeFiles/Project-core.elf.dir/drivers/STM32F10x_FWLib/src/stm32f10x_dac.c.obj
LOAD CMakeFiles/Project-core.elf.dir/drivers/STM32F10x_FWLib/src/stm32f10x_dbgmcu.c.obj
LOAD CMakeFiles/Project-core.elf.dir/drivers/STM32F10x_FWLib/src/stm32f10x_dma.c.obj
LOAD CMakeFiles/Project-core.elf.dir/drivers/STM32F10x_FWLib/src/stm32f10x_exti.c.obj
LOAD CMakeFiles/Project-core.elf.dir/drivers/STM32F10x_FWLib/src/stm32f10x_flash.c.obj
LOAD CMakeFiles/Project-core.elf.dir/drivers/STM32F10x_FWLib/src/stm32f10x_fsmc.c.obj
LOAD CMakeFiles/Project-core.elf.dir/drivers/STM32F10x_FWLib/src/stm32f10x_gpio.c.obj
LOAD CMakeFiles/Project-core.elf.dir/drivers/STM32F10x_FWLib/src/stm32f10x_i2c.c.obj
LOAD CMakeFiles/Project-core.elf.dir/drivers/STM32F10x_FWLib/src/stm32f10x_iwdg.c.obj
LOAD CMakeFiles/Project-core.elf.dir/drivers/STM32F10x_FWLib/src/stm32f10x_pwr.c.obj
LOAD CMakeFiles/Project-core.elf.dir/drivers/STM32F10x_FWLib/src/stm32f10x_rcc.c.obj
LOAD CMakeFiles/Project-core.elf.dir/drivers/STM32F10x_FWLib/src/stm32f10x_rtc.c.obj
LOAD CMakeFiles/Project-core.elf.dir/drivers/STM32F10x_FWLib/src/stm32f10x_sdio.c.obj
LOAD CMakeFiles/Project-core.elf.dir/drivers/STM32F10x_FWLib/src/stm32f10x_spi.c.obj
LOAD CMakeFiles/Project-core.elf.dir/drivers/STM32F10x_FWLib/src/stm32f10x_tim.c.obj
LOAD CMakeFiles/Project-core.elf.dir/drivers/STM32F10x_FWLib/src/stm32f10x_usart.c.obj
LOAD CMakeFiles/Project-core.elf.dir/drivers/STM32F10x_FWLib/src/stm32f10x_wwdg.c.obj
START GROUP
LOAD C:/Program Files (x86)/Arm GNU Toolchain arm-none-eabi/14.3 rel1/bin/../lib/gcc/arm-none-eabi/14.3.1\libgcc.a
LOAD C:/Program Files (x86)/Arm GNU Toolchain arm-none-eabi/14.3 rel1/bin/../lib/gcc/arm-none-eabi/14.3.1/../../../../arm-none-eabi/lib\libg.a
LOAD C:/Program Files (x86)/Arm GNU Toolchain arm-none-eabi/14.3 rel1/bin/../lib/gcc/arm-none-eabi/14.3.1/../../../../arm-none-eabi/lib\libc.a
END GROUP
LOAD C:/Program Files (x86)/Arm GNU Toolchain arm-none-eabi/14.3 rel1/bin/../lib/gcc/arm-none-eabi/14.3.1/crtend.o
LOAD C:/Program Files (x86)/Arm GNU Toolchain arm-none-eabi/14.3 rel1/bin/../lib/gcc/arm-none-eabi/14.3.1/crtn.o
                0x00000200                        _Min_Heap_Size = 0x200
                0x00000400                        _Min_Stack_Size = 0x400
                0x20005000                        _estack = (ORIGIN (RAM) + LENGTH (RAM))

.isr_vector     0x08000000      0x10c
                0x08000000                        . = ALIGN (0x4)
 *(.isr_vector)
 .isr_vector    0x08000000      0x10c CMakeFiles/Project-core.elf.dir/core/startup/startup_stm32f10x_md.s.obj
                0x08000000                g_pfnVectors
                0x0800010c                        . = ALIGN (0x4)

.text           0x0800010c      0x53c
                0x0800010c                        . = ALIGN (0x4)
 *(.text)
 *(.text*)
 .text.deregister_tm_clones
                0x0800010c       0x2c C:/Program Files (x86)/Arm GNU Toolchain arm-none-eabi/14.3 rel1/bin/../lib/gcc/arm-none-eabi/14.3.1/crtbegin.o
 .text.register_tm_clones
                0x08000138       0x38 C:/Program Files (x86)/Arm GNU Toolchain arm-none-eabi/14.3 rel1/bin/../lib/gcc/arm-none-eabi/14.3.1/crtbegin.o
 .text.__do_global_dtors_aux
                0x08000170       0x44 C:/Program Files (x86)/Arm GNU Toolchain arm-none-eabi/14.3 rel1/bin/../lib/gcc/arm-none-eabi/14.3.1/crtbegin.o
 .text.frame_dummy
                0x080001b4       0x34 C:/Program Files (x86)/Arm GNU Toolchain arm-none-eabi/14.3 rel1/bin/../lib/gcc/arm-none-eabi/14.3.1/crtbegin.o
 .text.main     0x080001e8       0x24 CMakeFiles/Project-core.elf.dir/core/src/main.c.obj
                0x080001e8                main
 .text.SetSysClockTo72
                0x0800020c       0xc4 CMakeFiles/Project-core.elf.dir/core/src/system_stm32f10x.c.obj
 .text.SetSysClock
                0x080002d0        0x8 CMakeFiles/Project-core.elf.dir/core/src/system_stm32f10x.c.obj
 .text.SystemInit
                0x080002d8       0x50 CMakeFiles/Project-core.elf.dir/core/src/system_stm32f10x.c.obj
                0x080002d8                SystemInit
 .text.NMI_Handler
                0x08000328        0x2 CMakeFiles/Project-core.elf.dir/core/src/stm32f10x_it.c.obj
                0x08000328                NMI_Handler
 .text.HardFault_Handler
                0x0800032a        0x2 CMakeFiles/Project-core.elf.dir/core/src/stm32f10x_it.c.obj
                0x0800032a                HardFault_Handler
 .text.MemManage_Handler
                0x0800032c        0x2 CMakeFiles/Project-core.elf.dir/core/src/stm32f10x_it.c.obj
                0x0800032c                MemManage_Handler
 .text.BusFault_Handler
                0x0800032e        0x2 CMakeFiles/Project-core.elf.dir/core/src/stm32f10x_it.c.obj
                0x0800032e                BusFault_Handler
 .text.UsageFault_Handler
                0x08000330        0x2 CMakeFiles/Project-core.elf.dir/core/src/stm32f10x_it.c.obj
                0x08000330                UsageFault_Handler
 .text.SVC_Handler
                0x08000332        0x2 CMakeFiles/Project-core.elf.dir/core/src/stm32f10x_it.c.obj
                0x08000332                SVC_Handler
 .text.DebugMon_Handler
                0x08000334        0x2 CMakeFiles/Project-core.elf.dir/core/src/stm32f10x_it.c.obj
                0x08000334                DebugMon_Handler
 .text.PendSV_Handler
                0x08000336        0x2 CMakeFiles/Project-core.elf.dir/core/src/stm32f10x_it.c.obj
                0x08000336                PendSV_Handler
 .text.SysTick_Handler
                0x08000338        0x2 CMakeFiles/Project-core.elf.dir/core/src/stm32f10x_it.c.obj
                0x08000338                SysTick_Handler
 *fill*         0x0800033a        0x2 
 .text.Reset_Handler
                0x0800033c       0x44 CMakeFiles/Project-core.elf.dir/core/startup/startup_stm32f10x_md.s.obj
                0x0800033c                Reset_Handler
 .text.Default_Handler
                0x08000380        0x2 CMakeFiles/Project-core.elf.dir/core/startup/startup_stm32f10x_md.s.obj
                0x08000380                EXTI2_IRQHandler
                0x08000380                TIM1_CC_IRQHandler
                0x08000380                PVD_IRQHandler
                0x08000380                EXTI3_IRQHandler
                0x08000380                EXTI0_IRQHandler
                0x08000380                I2C2_EV_IRQHandler
                0x08000380                ADC1_2_IRQHandler
                0x08000380                SPI1_IRQHandler
                0x08000380                TAMPER_IRQHandler
                0x08000380                DMA1_Channel4_IRQHandler
                0x08000380                USART3_IRQHandler
                0x08000380                RTC_IRQHandler
                0x08000380                DMA1_Channel7_IRQHandler
                0x08000380                CAN1_RX1_IRQHandler
                0x08000380                TIM4_IRQHandler
                0x08000380                I2C1_EV_IRQHandler
                0x08000380                DMA1_Channel6_IRQHandler
                0x08000380                TIM3_IRQHandler
                0x08000380                RCC_IRQHandler
                0x08000380                TIM1_TRG_COM_IRQHandler
                0x08000380                DMA1_Channel1_IRQHandler
                0x08000380                Default_Handler
                0x08000380                EXTI15_10_IRQHandler
                0x08000380                EXTI9_5_IRQHandler
                0x08000380                SPI2_IRQHandler
                0x08000380                DMA1_Channel5_IRQHandler
                0x08000380                EXTI4_IRQHandler
                0x08000380                USB_LP_CAN1_RX0_IRQHandler
                0x08000380                USB_HP_CAN1_TX_IRQHandler
                0x08000380                DMA1_Channel3_IRQHandler
                0x08000380                TIM1_UP_IRQHandler
                0x08000380                WWDG_IRQHandler
                0x08000380                TIM2_IRQHandler
                0x08000380                TIM1_BRK_IRQHandler
                0x08000380                EXTI1_IRQHandler
                0x08000380                RTCAlarm_IRQHandler
                0x08000380                USART2_IRQHandler
                0x08000380                I2C2_ER_IRQHandler
                0x08000380                DMA1_Channel2_IRQHandler
                0x08000380                CAN1_SCE_IRQHandler
                0x08000380                FLASH_IRQHandler
                0x08000380                USART1_IRQHandler
                0x08000380                I2C1_ER_IRQHandler
                0x08000380                USBWakeUp_IRQHandler
 *fill*         0x08000382        0x2 
 .text.LED_Init
                0x08000384       0x3c CMakeFiles/Project-core.elf.dir/drivers/HARDWARE/led.c.obj
                0x08000384                LED_Init
 .text.LED_Toggle
                0x080003c0       0x24 CMakeFiles/Project-core.elf.dir/drivers/HARDWARE/led.c.obj
                0x080003c0                LED_Toggle
 .text.GPIO_Init
                0x080003e4       0xb0 CMakeFiles/Project-core.elf.dir/drivers/STM32F10x_FWLib/src/stm32f10x_gpio.c.obj
                0x080003e4                GPIO_Init
 .text.GPIO_ReadOutputDataBit
                0x08000494        0xe CMakeFiles/Project-core.elf.dir/drivers/STM32F10x_FWLib/src/stm32f10x_gpio.c.obj
                0x08000494                GPIO_ReadOutputDataBit
 .text.GPIO_ResetBits
                0x080004a2        0x4 CMakeFiles/Project-core.elf.dir/drivers/STM32F10x_FWLib/src/stm32f10x_gpio.c.obj
                0x080004a2                GPIO_ResetBits
 .text.GPIO_WriteBit
                0x080004a6        0xa CMakeFiles/Project-core.elf.dir/drivers/STM32F10x_FWLib/src/stm32f10x_gpio.c.obj
                0x080004a6                GPIO_WriteBit
 .text.RCC_APB2PeriphClockCmd
                0x080004b0       0x1c CMakeFiles/Project-core.elf.dir/drivers/STM32F10x_FWLib/src/stm32f10x_rcc.c.obj
                0x080004b0                RCC_APB2PeriphClockCmd
 .text.__retarget_lock_acquire_recursive
                0x080004cc        0x4 C:/Program Files (x86)/Arm GNU Toolchain arm-none-eabi/14.3 rel1/bin/../lib/gcc/arm-none-eabi/14.3.1/../../../../arm-none-eabi/lib\libg.a(libc_a-lock.o)
                0x080004cc                __retarget_lock_acquire_recursive
 .text.__retarget_lock_release_recursive
                0x080004d0        0x4 C:/Program Files (x86)/Arm GNU Toolchain arm-none-eabi/14.3 rel1/bin/../lib/gcc/arm-none-eabi/14.3.1/../../../../arm-none-eabi/lib\libg.a(libc_a-lock.o)
                0x080004d0                __retarget_lock_release_recursive
 .text.startup.register_fini
                0x080004d4       0x28 C:/Program Files (x86)/Arm GNU Toolchain arm-none-eabi/14.3 rel1/bin/../lib/gcc/arm-none-eabi/14.3.1/../../../../arm-none-eabi/lib\libg.a(libc_a-__call_atexit.o)
 .text.atexit   0x080004fc       0x20 C:/Program Files (x86)/Arm GNU Toolchain arm-none-eabi/14.3 rel1/bin/../lib/gcc/arm-none-eabi/14.3.1/../../../../arm-none-eabi/lib\libg.a(libc_a-atexit.o)
                0x080004fc                atexit
 .text.__libc_fini_array
                0x0800051c       0x44 C:/Program Files (x86)/Arm GNU Toolchain arm-none-eabi/14.3 rel1/bin/../lib/gcc/arm-none-eabi/14.3.1/../../../../arm-none-eabi/lib\libg.a(libc_a-fini.o)
                0x0800051c                __libc_fini_array
 .text.__register_exitproc
                0x08000560       0xb8 C:/Program Files (x86)/Arm GNU Toolchain arm-none-eabi/14.3 rel1/bin/../lib/gcc/arm-none-eabi/14.3.1/../../../../arm-none-eabi/lib\libg.a(libc_a-__atexit.o)
                0x08000560                __register_exitproc
 *(.glue_7)
 .glue_7        0x08000618        0x0 linker stubs
 *(.glue_7t)
 .glue_7t       0x08000618        0x0 linker stubs
 *(.eh_frame)
 .eh_frame      0x08000618        0x0 C:/Program Files (x86)/Arm GNU Toolchain arm-none-eabi/14.3 rel1/bin/../lib/gcc/arm-none-eabi/14.3.1/crtbegin.o
 *(.init)
 .init          0x08000618        0xc C:/Program Files (x86)/Arm GNU Toolchain arm-none-eabi/14.3 rel1/bin/../lib/gcc/arm-none-eabi/14.3.1/crti.o
                0x08000618                _init
 .init          0x08000624        0xc C:/Program Files (x86)/Arm GNU Toolchain arm-none-eabi/14.3 rel1/bin/../lib/gcc/arm-none-eabi/14.3.1/crtn.o
 *(.fini)
 .fini          0x08000630        0xc C:/Program Files (x86)/Arm GNU Toolchain arm-none-eabi/14.3 rel1/bin/../lib/gcc/arm-none-eabi/14.3.1/crti.o
                0x08000630                _fini
 .fini          0x0800063c        0xc C:/Program Files (x86)/Arm GNU Toolchain arm-none-eabi/14.3 rel1/bin/../lib/gcc/arm-none-eabi/14.3.1/crtn.o
                0x08000648                        . = ALIGN (0x4)
                0x08000648                        _etext = .

.vfp11_veneer   0x08000648        0x0
 .vfp11_veneer  0x08000648        0x0 linker stubs

.v4_bx          0x08000648        0x0
 .v4_bx         0x08000648        0x0 linker stubs

.iplt           0x08000648        0x0
 .iplt          0x08000648        0x0 C:/Program Files (x86)/Arm GNU Toolchain arm-none-eabi/14.3 rel1/bin/../lib/gcc/arm-none-eabi/14.3.1/crtbegin.o

.rel.dyn        0x08000648        0x0
 .rel.iplt      0x08000648        0x0 C:/Program Files (x86)/Arm GNU Toolchain arm-none-eabi/14.3 rel1/bin/../lib/gcc/arm-none-eabi/14.3.1/crtbegin.o

.rodata         0x08000648        0x0
                0x08000648                        . = ALIGN (0x4)
 *(.rodata)
 *(.rodata*)
                0x08000648                        . = ALIGN (0x4)

.ARM.extab
 *(.ARM.extab* .gnu.linkonce.armextab.*)

.ARM            0x08000648        0x0
                0x08000648                        __exidx_start = .
 *(.ARM.exidx*)
                0x08000648                        __exidx_end = .

.preinit_array  0x08000648        0x0
                0x08000648                        PROVIDE (__preinit_array_start = .)
 *(.preinit_array*)
                0x08000648                        PROVIDE (__preinit_array_end = .)

.init_array     0x08000648        0x8
                0x08000648                        PROVIDE (__init_array_start = .)
 *(SORT_BY_NAME(.init_array.*))
 .init_array.00000
                0x08000648        0x4 C:/Program Files (x86)/Arm GNU Toolchain arm-none-eabi/14.3 rel1/bin/../lib/gcc/arm-none-eabi/14.3.1/../../../../arm-none-eabi/lib\libg.a(libc_a-__call_atexit.o)
 *(.init_array*)
 .init_array    0x0800064c        0x4 C:/Program Files (x86)/Arm GNU Toolchain arm-none-eabi/14.3 rel1/bin/../lib/gcc/arm-none-eabi/14.3.1/crtbegin.o
                0x08000650                        PROVIDE (__init_array_end = .)

.fini_array     0x08000650        0x4
                0x08000650                        PROVIDE (__fini_array_start = .)
 *(SORT_BY_NAME(.fini_array.*))
 *(.fini_array*)
 .fini_array    0x08000650        0x4 C:/Program Files (x86)/Arm GNU Toolchain arm-none-eabi/14.3 rel1/bin/../lib/gcc/arm-none-eabi/14.3.1/crtbegin.o
                0x08000654                        PROVIDE (__fini_array_end = .)
                0x08000654                        _sidata = LOADADDR (.data)

.data           0x20000000        0x4 load address 0x08000654
                0x20000000                        . = ALIGN (0x4)
                0x20000000                        _sdata = .
 *(.data)
 *(.data*)
 .data.__atexit_recursive_mutex
                0x20000000        0x4 C:/Program Files (x86)/Arm GNU Toolchain arm-none-eabi/14.3 rel1/bin/../lib/gcc/arm-none-eabi/14.3.1/../../../../arm-none-eabi/lib\libg.a(libc_a-__call_atexit.o)
                0x20000000                __atexit_recursive_mutex
                0x20000004                        . = ALIGN (0x4)
                0x20000004                        _edata = .

.tm_clone_table
                0x20000004        0x0 load address 0x08000658
 .tm_clone_table
                0x20000004        0x0 C:/Program Files (x86)/Arm GNU Toolchain arm-none-eabi/14.3 rel1/bin/../lib/gcc/arm-none-eabi/14.3.1/crtbegin.o
 .tm_clone_table
                0x20000004        0x0 C:/Program Files (x86)/Arm GNU Toolchain arm-none-eabi/14.3 rel1/bin/../lib/gcc/arm-none-eabi/14.3.1/crtend.o

.igot.plt       0x20000004        0x0 load address 0x08000658
 .igot.plt      0x20000004        0x0 C:/Program Files (x86)/Arm GNU Toolchain arm-none-eabi/14.3 rel1/bin/../lib/gcc/arm-none-eabi/14.3.1/crtbegin.o

.bss            0x20000004      0x1b4 load address 0x08000658
                0x20000004                        . = ALIGN (0x4)
                0x20000004                        _sbss = .
                0x20000004                        __bss_start__ = _sbss
 *(.bss)
 *(.bss*)
 .bss.completed.1
                0x20000004        0x1 C:/Program Files (x86)/Arm GNU Toolchain arm-none-eabi/14.3 rel1/bin/../lib/gcc/arm-none-eabi/14.3.1/crtbegin.o
 *fill*         0x20000005        0x3 
 .bss.object.0  0x20000008       0x18 C:/Program Files (x86)/Arm GNU Toolchain arm-none-eabi/14.3 rel1/bin/../lib/gcc/arm-none-eabi/14.3.1/crtbegin.o
 .bss.__lock___atexit_recursive_mutex
                0x20000020        0x1 C:/Program Files (x86)/Arm GNU Toolchain arm-none-eabi/14.3 rel1/bin/../lib/gcc/arm-none-eabi/14.3.1/../../../../arm-none-eabi/lib\libg.a(libc_a-lock.o)
                0x20000020                __lock___atexit_recursive_mutex
 *fill*         0x20000021        0x3 
 .bss.__atexit  0x20000024        0x4 C:/Program Files (x86)/Arm GNU Toolchain arm-none-eabi/14.3 rel1/bin/../lib/gcc/arm-none-eabi/14.3.1/../../../../arm-none-eabi/lib\libg.a(libc_a-__call_atexit.o)
                0x20000024                __atexit
 .bss.__atexit0
                0x20000028      0x190 C:/Program Files (x86)/Arm GNU Toolchain arm-none-eabi/14.3 rel1/bin/../lib/gcc/arm-none-eabi/14.3.1/../../../../arm-none-eabi/lib\libg.a(libc_a-__atexit.o)
                0x20000028                __atexit0
 *(COMMON)
                0x200001b8                        . = ALIGN (0x4)
                0x200001b8                        _ebss = .
                0x200001b8                        __bss_end__ = _ebss

._user_heap_stack
                0x200001b8      0x600 load address 0x08000658
                0x200001b8                        . = ALIGN (0x4)
                [!provide]                        PROVIDE (end = .)
                [!provide]                        PROVIDE (_end = .)
                0x200003b8                        . = (. + _Min_Heap_Size)
 *fill*         0x200001b8      0x200 
                0x200007b8                        . = (. + _Min_Stack_Size)
 *fill*         0x200003b8      0x400 
                0x200007b8                        . = ALIGN (0x4)

/DISCARD/
 libc.a(*)
 libm.a(*)
 libgcc.a(*)

.ARM.attributes
                0x00000000       0x2b
 *(.ARM.attributes)
 .ARM.attributes
                0x00000000       0x1c C:/Program Files (x86)/Arm GNU Toolchain arm-none-eabi/14.3 rel1/bin/../lib/gcc/arm-none-eabi/14.3.1/crti.o
 .ARM.attributes
                0x0000001c       0x2a C:/Program Files (x86)/Arm GNU Toolchain arm-none-eabi/14.3 rel1/bin/../lib/gcc/arm-none-eabi/14.3.1/crtbegin.o
 .ARM.attributes
                0x00000046       0x2d CMakeFiles/Project-core.elf.dir/core/src/main.c.obj
 .ARM.attributes
                0x00000073       0x2d CMakeFiles/Project-core.elf.dir/core/src/system_stm32f10x.c.obj
 .ARM.attributes
                0x000000a0       0x2d CMakeFiles/Project-core.elf.dir/core/src/stm32f10x_it.c.obj
 .ARM.attributes
                0x000000cd       0x21 CMakeFiles/Project-core.elf.dir/core/startup/startup_stm32f10x_md.s.obj
 .ARM.attributes
                0x000000ee       0x2d CMakeFiles/Project-core.elf.dir/drivers/HARDWARE/led.c.obj
 .ARM.attributes
                0x0000011b       0x2d CMakeFiles/Project-core.elf.dir/drivers/STM32F10x_FWLib/src/stm32f10x_gpio.c.obj
 .ARM.attributes
                0x00000148       0x2d CMakeFiles/Project-core.elf.dir/drivers/STM32F10x_FWLib/src/stm32f10x_rcc.c.obj
 .ARM.attributes
                0x00000175       0x2a C:/Program Files (x86)/Arm GNU Toolchain arm-none-eabi/14.3 rel1/bin/../lib/gcc/arm-none-eabi/14.3.1/../../../../arm-none-eabi/lib\libg.a(libc_a-lock.o)
 .ARM.attributes
                0x0000019f       0x2a C:/Program Files (x86)/Arm GNU Toolchain arm-none-eabi/14.3 rel1/bin/../lib/gcc/arm-none-eabi/14.3.1/../../../../arm-none-eabi/lib\libg.a(libc_a-__call_atexit.o)
 .ARM.attributes
                0x000001c9       0x2a C:/Program Files (x86)/Arm GNU Toolchain arm-none-eabi/14.3 rel1/bin/../lib/gcc/arm-none-eabi/14.3.1/../../../../arm-none-eabi/lib\libg.a(libc_a-atexit.o)
 .ARM.attributes
                0x000001f3       0x2a C:/Program Files (x86)/Arm GNU Toolchain arm-none-eabi/14.3 rel1/bin/../lib/gcc/arm-none-eabi/14.3.1/../../../../arm-none-eabi/lib\libg.a(libc_a-fini.o)
 .ARM.attributes
                0x0000021d       0x2a C:/Program Files (x86)/Arm GNU Toolchain arm-none-eabi/14.3 rel1/bin/../lib/gcc/arm-none-eabi/14.3.1/../../../../arm-none-eabi/lib\libg.a(libc_a-__atexit.o)
 .ARM.attributes
                0x00000247       0x2a C:/Program Files (x86)/Arm GNU Toolchain arm-none-eabi/14.3 rel1/bin/../lib/gcc/arm-none-eabi/14.3.1/crtend.o
 .ARM.attributes
                0x00000271       0x1c C:/Program Files (x86)/Arm GNU Toolchain arm-none-eabi/14.3 rel1/bin/../lib/gcc/arm-none-eabi/14.3.1/crtn.o
OUTPUT(Project-core.elf elf32-littlearm)
LOAD linker stubs
LOAD C:/Program Files (x86)/Arm GNU Toolchain arm-none-eabi/14.3 rel1/bin/../lib/gcc/arm-none-eabi/14.3.1/../../../../arm-none-eabi/lib\libc.a
LOAD C:/Program Files (x86)/Arm GNU Toolchain arm-none-eabi/14.3 rel1/bin/../lib/gcc/arm-none-eabi/14.3.1/../../../../arm-none-eabi/lib\libm.a
LOAD C:/Program Files (x86)/Arm GNU Toolchain arm-none-eabi/14.3 rel1/bin/../lib/gcc/arm-none-eabi/14.3.1\libgcc.a

.debug_info     0x00000000     0x1bc2
 .debug_info    0x00000000       0xc2 CMakeFiles/Project-core.elf.dir/core/src/main.c.obj
 .debug_info    0x000000c2      0x439 CMakeFiles/Project-core.elf.dir/core/src/system_stm32f10x.c.obj
 .debug_info    0x000004fb       0xfd CMakeFiles/Project-core.elf.dir/core/src/stm32f10x_it.c.obj
 .debug_info    0x000005f8       0x30 CMakeFiles/Project-core.elf.dir/core/startup/startup_stm32f10x_md.s.obj
 .debug_info    0x00000628      0x420 CMakeFiles/Project-core.elf.dir/drivers/HARDWARE/led.c.obj
 .debug_info    0x00000a48      0x8be CMakeFiles/Project-core.elf.dir/drivers/STM32F10x_FWLib/src/stm32f10x_gpio.c.obj
 .debug_info    0x00001306      0x8bc CMakeFiles/Project-core.elf.dir/drivers/STM32F10x_FWLib/src/stm32f10x_rcc.c.obj

.debug_abbrev   0x00000000      0x8bb
 .debug_abbrev  0x00000000       0x86 CMakeFiles/Project-core.elf.dir/core/src/main.c.obj
 .debug_abbrev  0x00000086      0x1c7 CMakeFiles/Project-core.elf.dir/core/src/system_stm32f10x.c.obj
 .debug_abbrev  0x0000024d       0x45 CMakeFiles/Project-core.elf.dir/core/src/stm32f10x_it.c.obj
 .debug_abbrev  0x00000292       0x24 CMakeFiles/Project-core.elf.dir/core/startup/startup_stm32f10x_md.s.obj
 .debug_abbrev  0x000002b6      0x1a8 CMakeFiles/Project-core.elf.dir/drivers/HARDWARE/led.c.obj
 .debug_abbrev  0x0000045e      0x250 CMakeFiles/Project-core.elf.dir/drivers/STM32F10x_FWLib/src/stm32f10x_gpio.c.obj
 .debug_abbrev  0x000006ae      0x20d CMakeFiles/Project-core.elf.dir/drivers/STM32F10x_FWLib/src/stm32f10x_rcc.c.obj

.debug_aranges  0x00000000      0x2e0
 .debug_aranges
                0x00000000       0x20 CMakeFiles/Project-core.elf.dir/core/src/main.c.obj
 .debug_aranges
                0x00000020       0x38 CMakeFiles/Project-core.elf.dir/core/src/system_stm32f10x.c.obj
 .debug_aranges
                0x00000058       0x60 CMakeFiles/Project-core.elf.dir/core/src/stm32f10x_it.c.obj
 .debug_aranges
                0x000000b8       0x28 CMakeFiles/Project-core.elf.dir/core/startup/startup_stm32f10x_md.s.obj
 .debug_aranges
                0x000000e0       0x40 CMakeFiles/Project-core.elf.dir/drivers/HARDWARE/led.c.obj
 .debug_aranges
                0x00000120       0xa8 CMakeFiles/Project-core.elf.dir/drivers/STM32F10x_FWLib/src/stm32f10x_gpio.c.obj
 .debug_aranges
                0x000001c8      0x118 CMakeFiles/Project-core.elf.dir/drivers/STM32F10x_FWLib/src/stm32f10x_rcc.c.obj

.debug_rnglists
                0x00000000      0x20a
 .debug_rnglists
                0x00000000       0x13 CMakeFiles/Project-core.elf.dir/core/src/main.c.obj
 .debug_rnglists
                0x00000013       0x27 CMakeFiles/Project-core.elf.dir/core/src/system_stm32f10x.c.obj
 .debug_rnglists
                0x0000003a       0x43 CMakeFiles/Project-core.elf.dir/core/src/stm32f10x_it.c.obj
 .debug_rnglists
                0x0000007d       0x19 CMakeFiles/Project-core.elf.dir/core/startup/startup_stm32f10x_md.s.obj
 .debug_rnglists
                0x00000096       0x2b CMakeFiles/Project-core.elf.dir/drivers/HARDWARE/led.c.obj
 .debug_rnglists
                0x000000c1       0x7b CMakeFiles/Project-core.elf.dir/drivers/STM32F10x_FWLib/src/stm32f10x_gpio.c.obj
 .debug_rnglists
                0x0000013c       0xce CMakeFiles/Project-core.elf.dir/drivers/STM32F10x_FWLib/src/stm32f10x_rcc.c.obj

.debug_line     0x00000000     0x18e8
 .debug_line    0x00000000       0xaf CMakeFiles/Project-core.elf.dir/core/src/main.c.obj
 .debug_line    0x000000af      0x434 CMakeFiles/Project-core.elf.dir/core/src/system_stm32f10x.c.obj
 .debug_line    0x000004e3      0x112 CMakeFiles/Project-core.elf.dir/core/src/stm32f10x_it.c.obj
 .debug_line    0x000005f5       0x75 CMakeFiles/Project-core.elf.dir/core/startup/startup_stm32f10x_md.s.obj
 .debug_line    0x0000066a      0x2a1 CMakeFiles/Project-core.elf.dir/drivers/HARDWARE/led.c.obj
 .debug_line    0x0000090b      0x6fa CMakeFiles/Project-core.elf.dir/drivers/STM32F10x_FWLib/src/stm32f10x_gpio.c.obj
 .debug_line    0x00001005      0x8e3 CMakeFiles/Project-core.elf.dir/drivers/STM32F10x_FWLib/src/stm32f10x_rcc.c.obj

.debug_str      0x00000000      0xc26
 .debug_str     0x00000000      0xc26 CMakeFiles/Project-core.elf.dir/core/src/main.c.obj
                                0x19a (size before relaxing)
 .debug_str     0x00000c26      0x309 CMakeFiles/Project-core.elf.dir/core/src/system_stm32f10x.c.obj
 .debug_str     0x00000c26      0x219 CMakeFiles/Project-core.elf.dir/core/src/stm32f10x_it.c.obj
 .debug_str     0x00000c26       0x7e CMakeFiles/Project-core.elf.dir/core/startup/startup_stm32f10x_md.s.obj
 .debug_str     0x00000c26      0x3c7 CMakeFiles/Project-core.elf.dir/drivers/HARDWARE/led.c.obj
 .debug_str     0x00000c26      0x56c CMakeFiles/Project-core.elf.dir/drivers/STM32F10x_FWLib/src/stm32f10x_gpio.c.obj
 .debug_str     0x00000c26      0x656 CMakeFiles/Project-core.elf.dir/drivers/STM32F10x_FWLib/src/stm32f10x_rcc.c.obj

.comment        0x00000000       0x46
 .comment       0x00000000       0x46 CMakeFiles/Project-core.elf.dir/core/src/main.c.obj
                                 0x47 (size before relaxing)
 .comment       0x00000046       0x47 CMakeFiles/Project-core.elf.dir/core/src/system_stm32f10x.c.obj
 .comment       0x00000046       0x47 CMakeFiles/Project-core.elf.dir/core/src/stm32f10x_it.c.obj
 .comment       0x00000046       0x47 CMakeFiles/Project-core.elf.dir/drivers/HARDWARE/led.c.obj
 .comment       0x00000046       0x47 CMakeFiles/Project-core.elf.dir/drivers/STM32F10x_FWLib/src/stm32f10x_gpio.c.obj
 .comment       0x00000046       0x47 CMakeFiles/Project-core.elf.dir/drivers/STM32F10x_FWLib/src/stm32f10x_rcc.c.obj

.debug_frame    0x00000000      0x708
 .debug_frame   0x00000000       0x28 CMakeFiles/Project-core.elf.dir/core/src/main.c.obj
 .debug_frame   0x00000028       0x6c CMakeFiles/Project-core.elf.dir/core/src/system_stm32f10x.c.obj
 .debug_frame   0x00000094       0xa0 CMakeFiles/Project-core.elf.dir/core/src/stm32f10x_it.c.obj
 .debug_frame   0x00000134       0x90 CMakeFiles/Project-core.elf.dir/drivers/HARDWARE/led.c.obj
 .debug_frame   0x000001c4      0x168 CMakeFiles/Project-core.elf.dir/drivers/STM32F10x_FWLib/src/stm32f10x_gpio.c.obj
 .debug_frame   0x0000032c      0x228 CMakeFiles/Project-core.elf.dir/drivers/STM32F10x_FWLib/src/stm32f10x_rcc.c.obj
 .debug_frame   0x00000554       0xb0 C:/Program Files (x86)/Arm GNU Toolchain arm-none-eabi/14.3 rel1/bin/../lib/gcc/arm-none-eabi/14.3.1/../../../../arm-none-eabi/lib\libg.a(libc_a-lock.o)
 .debug_frame   0x00000604       0x68 C:/Program Files (x86)/Arm GNU Toolchain arm-none-eabi/14.3 rel1/bin/../lib/gcc/arm-none-eabi/14.3.1/../../../../arm-none-eabi/lib\libg.a(libc_a-__call_atexit.o)
 .debug_frame   0x0000066c       0x2c C:/Program Files (x86)/Arm GNU Toolchain arm-none-eabi/14.3 rel1/bin/../lib/gcc/arm-none-eabi/14.3.1/../../../../arm-none-eabi/lib\libg.a(libc_a-atexit.o)
 .debug_frame   0x00000698       0x34 C:/Program Files (x86)/Arm GNU Toolchain arm-none-eabi/14.3 rel1/bin/../lib/gcc/arm-none-eabi/14.3.1/../../../../arm-none-eabi/lib\libg.a(libc_a-fini.o)
 .debug_frame   0x000006cc       0x3c C:/Program Files (x86)/Arm GNU Toolchain arm-none-eabi/14.3 rel1/bin/../lib/gcc/arm-none-eabi/14.3.1/../../../../arm-none-eabi/lib\libg.a(libc_a-__atexit.o)

.debug_loclists
                0x00000000      0x8ca
 .debug_loclists
                0x00000000       0xb7 CMakeFiles/Project-core.elf.dir/core/src/system_stm32f10x.c.obj
 .debug_loclists
                0x000000b7      0x4d7 CMakeFiles/Project-core.elf.dir/drivers/STM32F10x_FWLib/src/stm32f10x_gpio.c.obj
 .debug_loclists
                0x0000058e      0x33c CMakeFiles/Project-core.elf.dir/drivers/STM32F10x_FWLib/src/stm32f10x_rcc.c.obj

.debug_line_str
                0x00000000       0x62
 .debug_line_str
                0x00000000       0x62 CMakeFiles/Project-core.elf.dir/core/startup/startup_stm32f10x_md.s.obj
